Archive member included to satisfy reference by file (symbol)

/opt/gcc-arm-none-eabi-10.3-2021.10/bin/../lib/gcc/arm-none-eabi/10.3.1/../../../../arm-none-eabi/lib/libc_nano.a(lib_a-strlen.o)
                              out/main.o (strlen)

Discarded input sections

 .group         0x0000000000000000        0x8 out/main.o
 .group         0x0000000000000000        0x8 out/main.o
 .group         0x0000000000000000        0x8 out/main.o
 .group         0x0000000000000000        0xc out/main.o
 .group         0x0000000000000000        0xc out/main.o
 .group         0x0000000000000000        0xc out/main.o
 .group         0x0000000000000000        0x8 out/UART_Driver.o
 .group         0x0000000000000000        0x8 out/UART_Driver.o
 .text._ZN4GPIOC2EP16GPIO_registers_t10GPIO_pin_t
                0x0000000000000000       0x26 out/UART_Driver.o

Memory Configuration

Name             Origin             Length             Attributes
FLASH            0x0000000008000000 0x0000000000040000 xr
SRAM             0x0000000020000000 0x0000000000008000 xrw
*default*        0x0000000000000000 0xffffffffffffffff

Linker script and memory map

LOAD out/main.o
LOAD out/stm32_startup.o
LOAD out/MCU_Utilities.o
LOAD out/m_memory.o
LOAD out/Clock_Driver.o
LOAD out/GPIO_Driver.o
LOAD out/NVIC_Drivers.o
LOAD out/SysTick.o
LOAD out/UART_Driver.o
LOAD /opt/gcc-arm-none-eabi-10.3-2021.10/bin/../lib/gcc/arm-none-eabi/10.3.1/../../../../arm-none-eabi/lib/libstdc++_nano.a
LOAD /opt/gcc-arm-none-eabi-10.3-2021.10/bin/../lib/gcc/arm-none-eabi/10.3.1/../../../../arm-none-eabi/lib/libm.a
START GROUP
LOAD /opt/gcc-arm-none-eabi-10.3-2021.10/bin/../lib/gcc/arm-none-eabi/10.3.1/libgcc.a
LOAD /opt/gcc-arm-none-eabi-10.3-2021.10/bin/../lib/gcc/arm-none-eabi/10.3.1/../../../../arm-none-eabi/lib/libc_nano.a
END GROUP
START GROUP
LOAD /opt/gcc-arm-none-eabi-10.3-2021.10/bin/../lib/gcc/arm-none-eabi/10.3.1/libgcc.a
LOAD /opt/gcc-arm-none-eabi-10.3-2021.10/bin/../lib/gcc/arm-none-eabi/10.3.1/../../../../arm-none-eabi/lib/libc_nano.a
LOAD /opt/gcc-arm-none-eabi-10.3-2021.10/bin/../lib/gcc/arm-none-eabi/10.3.1/../../../../arm-none-eabi/lib/libnosys.a
END GROUP
START GROUP
LOAD /opt/gcc-arm-none-eabi-10.3-2021.10/bin/../lib/gcc/arm-none-eabi/10.3.1/libgcc.a
LOAD /opt/gcc-arm-none-eabi-10.3-2021.10/bin/../lib/gcc/arm-none-eabi/10.3.1/../../../../arm-none-eabi/lib/libc_nano.a
LOAD /opt/gcc-arm-none-eabi-10.3-2021.10/bin/../lib/gcc/arm-none-eabi/10.3.1/../../../../arm-none-eabi/lib/libnosys.a
END GROUP

.isr_vector     0x0000000008000000      0x194
                0x0000000008000000                . = ALIGN (0x4)
 *(.isr_vector)
 .isr_vector    0x0000000008000000      0x194 out/stm32_startup.o
                0x0000000008000000                vector_table
                0x0000000008000194                . = ALIGN (0x4)

.text           0x0000000008000194     0x11b4
                0x0000000008000194                . = ALIGN (0x4)
 *(.text*)
 .text          0x0000000008000194       0xf0 out/main.o
                0x0000000008000194                main
 .text._Z7SetVTORm
                0x0000000008000284       0x1c out/main.o
                0x0000000008000284                SetVTOR(unsigned long)
 .text._Z15SetStackPointerm
                0x00000000080002a0       0x16 out/main.o
                0x00000000080002a0                SetStackPointer(unsigned long)
 .text._ZN4GPIOC2EP16GPIO_registers_t10GPIO_pin_t
                0x00000000080002b6       0x26 out/main.o
                0x00000000080002b6                GPIO::GPIO(GPIO_registers_t*, GPIO_pin_t)
                0x00000000080002b6                GPIO::GPIO(GPIO_registers_t*, GPIO_pin_t)
 .text._Z14SetGlobalTimerv
                0x00000000080002dc       0x20 out/main.o
                0x00000000080002dc                SetGlobalTimer()
 .text._Z18GetUserButtonStateRK4GPIO
                0x00000000080002fc       0x22 out/main.o
                0x00000000080002fc                GetUserButtonState(GPIO const&)
 *fill*         0x000000000800031e        0x2 
 .text._Z13JumpToUserAppv
                0x0000000008000320       0x34 out/main.o
                0x0000000008000320                JumpToUserApp()
 .text          0x0000000008000354       0xf4 out/stm32_startup.o
                0x0000000008000430                Reset_Handler()
 .text          0x0000000008000448        0x0 out/MCU_Utilities.o
 .text          0x0000000008000448       0x3a out/m_memory.o
                0x0000000008000448                m_memcpy(void*, void const*, unsigned long)
 *fill*         0x0000000008000482        0x2 
 .text          0x0000000008000484       0xc4 out/Clock_Driver.o
                0x0000000008000484                Clock::EnableClock_USART2()
                0x00000000080004a0                Clock::EnableClock_GPIOA()
                0x00000000080004bc                Clock::EnableClock_GPIOB()
                0x00000000080004d8                Clock::EnableClock_GPIOC()
                0x00000000080004f4                Clock::EnableClock_GPIOD()
                0x0000000008000510                Clock::EnableClock_GPIOE()
                0x000000000800052c                Clock::EnableClock_GPIOH()
 .text          0x0000000008000548      0x230 out/GPIO_Driver.o
                0x0000000008000548                GPIO::Config(GPIO_port_mode_t, GPIO_port_output_config_t, GPIO_port_speed_t, GPIO_port_pull_t, GPIO_port_alternatefunction_t)
                0x000000000800058a                GPIO::Init()
                0x00000000080006ec                GPIO::GPIO_ReadPin() const
                0x0000000008000724                GPIO::GPIO_WritePin(PIN_State_t)
 .text          0x0000000008000778      0x21c out/NVIC_Drivers.o
                0x0000000008000778                NVIC::NVIC_EnableInterrupt(unsigned char)
                0x00000000080007b8                NVIC::NVIC_DisableInterrupt(unsigned char)
                0x00000000080007fc                NVIC::NVIC_SetInterruptPending(unsigned char)
                0x0000000008000840                NVIC::NVIC_ClearInterruptPending(unsigned char)
                0x0000000008000884                NVIC::NVIC_GetInterruptPendingStatus(unsigned char)
                0x00000000080008c4                NVIC::NVIC_SetInterruptPriority(unsigned char, unsigned char)
                0x000000000800090c                NVIC::NVIC_GetInterruptPriority(unsigned char)
                0x0000000008000948                EnableAllInterrupts()
                0x000000000800095e                DisableAllInterrupts()
                0x0000000008000974                SetBasePriority(unsigned long)
 .text          0x0000000008000994       0xf8 out/SysTick.o
                0x0000000008000994                Systick_Interrupt()
                0x00000000080009b0                SysTick::Enable()
                0x00000000080009cc                SysTick::Disable()
                0x00000000080009e8                SysTick::SetReloadValue(unsigned long)
                0x0000000008000a08                SysTick::SetTickSrc(SYSTICK_ClockSrc)
                0x0000000008000a40                SysTick::EnableInt()
                0x0000000008000a5c                SysTick::DisableInt()
                0x0000000008000a78                SysTick::GetGlobalTime()
 .text          0x0000000008000a8c      0x860 out/UART_Driver.o
                0x0000000008000a8c                USART::Config(USART_word_length_t, USART_parity_t, unsigned long, USART_num_stop_bits_t, bool, void (*)())
                0x0000000008000ae4                USART::ConfigBaudRate(unsigned long)
                0x0000000008000bf4                USART::Init()
                0x0000000008000d5c                USART::Print(char const*, unsigned long, unsigned long)
                0x0000000008000e92                USART::Read(unsigned char*, unsigned long, unsigned long)
                0x0000000008000f54                USART::PrintIT(char const*, unsigned long, unsigned long)
                0x0000000008001070                USART::ReadIT(unsigned char*, unsigned long, unsigned long)
                0x000000000800115c                USART2_Interrupt()
 .text._ZN5USARTC2EP17USART_Registers_t
                0x00000000080012ec       0x4e out/UART_Driver.o
                0x00000000080012ec                USART::USART(USART_Registers_t*)
                0x00000000080012ec                USART::USART(USART_Registers_t*)
 .text          0x000000000800133a        0xe /opt/gcc-arm-none-eabi-10.3-2021.10/bin/../lib/gcc/arm-none-eabi/10.3.1/../../../../arm-none-eabi/lib/libc_nano.a(lib_a-strlen.o)
                0x000000000800133a                strlen
                0x0000000008001348                . = ALIGN (0x4)
                0x0000000008001348                _text_end = .

.glue_7         0x0000000008001348        0x0
 .glue_7        0x0000000008001348        0x0 linker stubs

.glue_7t        0x0000000008001348        0x0
 .glue_7t       0x0000000008001348        0x0 linker stubs

.vfp11_veneer   0x0000000008001348        0x0
 .vfp11_veneer  0x0000000008001348        0x0 linker stubs

.v4_bx          0x0000000008001348        0x0
 .v4_bx         0x0000000008001348        0x0 linker stubs

.iplt           0x0000000008001348        0x0
 .iplt          0x0000000008001348        0x0 out/main.o

.rel.dyn        0x0000000008001348        0x0
 .rel.iplt      0x0000000008001348        0x0 out/main.o

.data           0x0000000020000000       0x1c load address 0x0000000008001348
                0x0000000020000000                . = ALIGN (0x4)
                0x0000000020000000                _data_start = .
 *(.data*)
 .data          0x0000000020000000        0x0 out/main.o
 .data          0x0000000020000000        0x0 out/stm32_startup.o
 .data          0x0000000020000000        0x0 out/MCU_Utilities.o
 .data          0x0000000020000000        0x0 out/m_memory.o
 .data          0x0000000020000000        0x0 out/Clock_Driver.o
 .data          0x0000000020000000        0x0 out/GPIO_Driver.o
 .data          0x0000000020000000       0x1c out/NVIC_Drivers.o
                0x0000000020000000                NVIC::registers
 .data          0x000000002000001c        0x0 out/SysTick.o
 .data          0x000000002000001c        0x0 out/UART_Driver.o
 .data          0x000000002000001c        0x0 /opt/gcc-arm-none-eabi-10.3-2021.10/bin/../lib/gcc/arm-none-eabi/10.3.1/../../../../arm-none-eabi/lib/libc_nano.a(lib_a-strlen.o)
                0x000000002000001c                _data_end = .
                0x000000002000001c                . = ALIGN (0x4)

.igot.plt       0x000000002000001c        0x0 load address 0x0000000008001364
 .igot.plt      0x000000002000001c        0x0 out/main.o

.rodata         0x0000000008001364      0x368
                0x0000000008001364                . = ALIGN (0x4)
 *(.rodata*)
 .rodata        0x0000000008001364       0xca out/main.o
 *fill*         0x000000000800142e        0x2 
 .rodata        0x0000000008001430       0x90 out/MCU_Utilities.o
 .rodata        0x00000000080014c0       0x5c out/Clock_Driver.o
                0x0000000008001518                Clock::registers
 .rodata        0x000000000800151c       0x58 out/GPIO_Driver.o
 .rodata        0x0000000008001574       0x36 out/NVIC_Drivers.o
 *fill*         0x00000000080015aa        0x2 
 .rodata        0x00000000080015ac       0x34 out/SysTick.o
                0x00000000080015dc                SysTick::registers
 .rodata        0x00000000080015e0       0xe8 out/UART_Driver.o
                0x00000000080016c8                . = ALIGN (0x4)
                0x00000000080016c8                _init_array_start = .
 *(SORT_BY_NAME(.init_array.*))
 *(.init_array)
 .init_array    0x00000000080016c8        0x4 out/UART_Driver.o
                0x00000000080016cc                _init_array_end = .
                0x00000000080016cc                . = ALIGN (0x4)

.bss            0x000000002000001c      0x35c
                0x000000002000001c                . = ALIGN (0x4)
                0x000000002000001c                _bss_start = .
 *(.bss*)
 .bss           0x000000002000001c        0x0 out/main.o
 .bss           0x000000002000001c        0x4 out/stm32_startup.o
                0x000000002000001c                bss_size
 .bss           0x0000000020000020        0x0 out/MCU_Utilities.o
 .bss           0x0000000020000020        0x0 out/m_memory.o
 .bss           0x0000000020000020        0x0 out/Clock_Driver.o
 .bss           0x0000000020000020        0x0 out/GPIO_Driver.o
 .bss           0x0000000020000020        0x0 out/NVIC_Drivers.o
 .bss           0x0000000020000020        0x4 out/SysTick.o
                0x0000000020000020                SysTick::globalTime
 .bss           0x0000000020000024      0x354 out/UART_Driver.o
                0x0000000020000024                USART2
                0x0000000020000038                USART1
                0x000000002000004c                USART6
                0x0000000020000060                USART::USART1_MessageStr
                0x0000000020000168                USART::USART2_MessageStr
                0x0000000020000270                USART::USART6_MessageStr
 .bss           0x0000000020000378        0x0 /opt/gcc-arm-none-eabi-10.3-2021.10/bin/../lib/gcc/arm-none-eabi/10.3.1/../../../../arm-none-eabi/lib/libc_nano.a(lib_a-strlen.o)
                0x0000000020000378                _bss_end = .
                0x0000000020000378                end = _bss_end
                0x0000000020000378                . = ALIGN (0x4)
OUTPUT(bin/bootloader.elf elf32-littlearm)
LOAD linker stubs

.debug_info     0x0000000000000000     0x493a
 .debug_info    0x0000000000000000     0x1134 out/main.o
 .debug_info    0x0000000000001134      0x20e out/stm32_startup.o
 .debug_info    0x0000000000001342      0x309 out/MCU_Utilities.o
 .debug_info    0x000000000000164b      0x104 out/m_memory.o
 .debug_info    0x000000000000174f      0x5f3 out/Clock_Driver.o
 .debug_info    0x0000000000001d42      0xa66 out/GPIO_Driver.o
 .debug_info    0x00000000000027a8      0x4d7 out/NVIC_Drivers.o
 .debug_info    0x0000000000002c7f      0x3c0 out/SysTick.o
 .debug_info    0x000000000000303f     0x18fb out/UART_Driver.o

.debug_abbrev   0x0000000000000000     0x1117
 .debug_abbrev  0x0000000000000000      0x3e4 out/main.o
 .debug_abbrev  0x00000000000003e4      0x10f out/stm32_startup.o
 .debug_abbrev  0x00000000000004f3       0x4d out/MCU_Utilities.o
 .debug_abbrev  0x0000000000000540       0xa6 out/m_memory.o
 .debug_abbrev  0x00000000000005e6      0x14a out/Clock_Driver.o
 .debug_abbrev  0x0000000000000730      0x257 out/GPIO_Driver.o
 .debug_abbrev  0x0000000000000987      0x1af out/NVIC_Drivers.o
 .debug_abbrev  0x0000000000000b36      0x1ad out/SysTick.o
 .debug_abbrev  0x0000000000000ce3      0x434 out/UART_Driver.o

.debug_aranges  0x0000000000000000      0x158
 .debug_aranges
                0x0000000000000000       0x50 out/main.o
 .debug_aranges
                0x0000000000000050       0x20 out/stm32_startup.o
 .debug_aranges
                0x0000000000000070       0x18 out/MCU_Utilities.o
 .debug_aranges
                0x0000000000000088       0x20 out/m_memory.o
 .debug_aranges
                0x00000000000000a8       0x20 out/Clock_Driver.o
 .debug_aranges
                0x00000000000000c8       0x20 out/GPIO_Driver.o
 .debug_aranges
                0x00000000000000e8       0x20 out/NVIC_Drivers.o
 .debug_aranges
                0x0000000000000108       0x20 out/SysTick.o
 .debug_aranges
                0x0000000000000128       0x30 out/UART_Driver.o

.debug_ranges   0x0000000000000000       0x60
 .debug_ranges  0x0000000000000000       0x40 out/main.o
 .debug_ranges  0x0000000000000040       0x20 out/UART_Driver.o

.debug_line     0x0000000000000000     0x1964
 .debug_line    0x0000000000000000      0x433 out/main.o
 .debug_line    0x0000000000000433      0x190 out/stm32_startup.o
 .debug_line    0x00000000000005c3      0x102 out/MCU_Utilities.o
 .debug_line    0x00000000000006c5      0x11b out/m_memory.o
 .debug_line    0x00000000000007e0      0x19b out/Clock_Driver.o
 .debug_line    0x000000000000097b      0x444 out/GPIO_Driver.o
 .debug_line    0x0000000000000dbf      0x1f4 out/NVIC_Drivers.o
 .debug_line    0x0000000000000fb3      0x1a1 out/SysTick.o
 .debug_line    0x0000000000001154      0x810 out/UART_Driver.o

.debug_str      0x0000000000000000     0x194c
 .debug_str     0x0000000000000000      0xfcf out/main.o
                                       0x1204 (size before relaxing)
 .debug_str     0x0000000000000fcf       0xdf out/stm32_startup.o
                                        0x22b (size before relaxing)
 .debug_str     0x00000000000010ae       0x20 out/MCU_Utilities.o
                                        0x39d (size before relaxing)
 .debug_str     0x00000000000010ce       0x3b out/m_memory.o
                                        0x18d (size before relaxing)
 .debug_str     0x0000000000001109      0x3b0 out/Clock_Driver.o
                                        0x67e (size before relaxing)
 .debug_str     0x00000000000014b9       0x24 out/GPIO_Driver.o
                                        0x9bc (size before relaxing)
 .debug_str     0x00000000000014dd       0xb4 out/NVIC_Drivers.o
                                        0x5ac (size before relaxing)
 .debug_str     0x0000000000001591       0xb4 out/SysTick.o
                                        0x492 (size before relaxing)
 .debug_str     0x0000000000001645      0x307 out/UART_Driver.o
                                       0x171e (size before relaxing)

.comment        0x0000000000000000       0x49
 .comment       0x0000000000000000       0x49 out/main.o
                                         0x4a (size before relaxing)
 .comment       0x0000000000000049       0x4a out/stm32_startup.o
 .comment       0x0000000000000049       0x4a out/MCU_Utilities.o
 .comment       0x0000000000000049       0x4a out/m_memory.o
 .comment       0x0000000000000049       0x4a out/Clock_Driver.o
 .comment       0x0000000000000049       0x4a out/GPIO_Driver.o
 .comment       0x0000000000000049       0x4a out/NVIC_Drivers.o
 .comment       0x0000000000000049       0x4a out/SysTick.o
 .comment       0x0000000000000049       0x4a out/UART_Driver.o

.ARM.attributes
                0x0000000000000000       0x2c
 .ARM.attributes
                0x0000000000000000       0x2e out/main.o
 .ARM.attributes
                0x000000000000002e       0x2e out/stm32_startup.o
 .ARM.attributes
                0x000000000000005c       0x2e out/MCU_Utilities.o
 .ARM.attributes
                0x000000000000008a       0x2e out/m_memory.o
 .ARM.attributes
                0x00000000000000b8       0x2e out/Clock_Driver.o
 .ARM.attributes
                0x00000000000000e6       0x2e out/GPIO_Driver.o
 .ARM.attributes
                0x0000000000000114       0x2e out/NVIC_Drivers.o
 .ARM.attributes
                0x0000000000000142       0x2e out/SysTick.o
 .ARM.attributes
                0x0000000000000170       0x2e out/UART_Driver.o
 .ARM.attributes
                0x000000000000019e       0x1c /opt/gcc-arm-none-eabi-10.3-2021.10/bin/../lib/gcc/arm-none-eabi/10.3.1/../../../../arm-none-eabi/lib/libc_nano.a(lib_a-strlen.o)

.debug_frame    0x0000000000000000      0x7ec
 .debug_frame   0x0000000000000000      0x10c out/main.o
 .debug_frame   0x000000000000010c       0x98 out/stm32_startup.o
 .debug_frame   0x00000000000001a4       0x38 out/m_memory.o
 .debug_frame   0x00000000000001dc       0xf0 out/Clock_Driver.o
 .debug_frame   0x00000000000002cc       0xac out/GPIO_Driver.o
 .debug_frame   0x0000000000000378      0x190 out/NVIC_Drivers.o
 .debug_frame   0x0000000000000508      0x120 out/SysTick.o
 .debug_frame   0x0000000000000628      0x1c4 out/UART_Driver.o
