
Discarded input sections

 .group         0x0000000000000000        0x8 out/UART_Driver.o
 .group         0x0000000000000000        0x8 out/UART_Driver.o

Memory Configuration

Name             Origin             Length             Attributes
FLASH            0x0000000008000000 0x0000000000080000 xr
SRAM             0x0000000020000000 0x0000000000018000 xrw
*default*        0x0000000000000000 0xffffffffffffffff

Linker script and memory map

LOAD out/Clock_Driver.o
LOAD out/GPIO_Driver.o
LOAD out/main.o
LOAD out/NVIC_Drivers.o
LOAD out/stm32_startup.o
LOAD out/SysTick.o
LOAD out/UART_Driver.o
LOAD out/m_memory.o
LOAD /opt/gcc-arm-none-eabi-10.3-2021.10/bin/../lib/gcc/arm-none-eabi/10.3.1/../../../../arm-none-eabi/lib/libstdc++_nano.a
LOAD /opt/gcc-arm-none-eabi-10.3-2021.10/bin/../lib/gcc/arm-none-eabi/10.3.1/../../../../arm-none-eabi/lib/libm.a
START GROUP
LOAD /opt/gcc-arm-none-eabi-10.3-2021.10/bin/../lib/gcc/arm-none-eabi/10.3.1/libgcc.a
LOAD /opt/gcc-arm-none-eabi-10.3-2021.10/bin/../lib/gcc/arm-none-eabi/10.3.1/../../../../arm-none-eabi/lib/libc_nano.a
END GROUP
START GROUP
LOAD /opt/gcc-arm-none-eabi-10.3-2021.10/bin/../lib/gcc/arm-none-eabi/10.3.1/libgcc.a
LOAD /opt/gcc-arm-none-eabi-10.3-2021.10/bin/../lib/gcc/arm-none-eabi/10.3.1/../../../../arm-none-eabi/lib/libc_nano.a
LOAD /opt/gcc-arm-none-eabi-10.3-2021.10/bin/../lib/gcc/arm-none-eabi/10.3.1/../../../../arm-none-eabi/lib/libnosys.a
END GROUP
START GROUP
LOAD /opt/gcc-arm-none-eabi-10.3-2021.10/bin/../lib/gcc/arm-none-eabi/10.3.1/libgcc.a
LOAD /opt/gcc-arm-none-eabi-10.3-2021.10/bin/../lib/gcc/arm-none-eabi/10.3.1/../../../../arm-none-eabi/lib/libc_nano.a
LOAD /opt/gcc-arm-none-eabi-10.3-2021.10/bin/../lib/gcc/arm-none-eabi/10.3.1/../../../../arm-none-eabi/lib/libnosys.a
END GROUP

.isr_vector     0x0000000008000000      0x194
                0x0000000008000000                . = ALIGN (0x4)
 *(.isr_vector)
 .isr_vector    0x0000000008000000      0x194 out/stm32_startup.o
                0x0000000008000000                vector_table
                0x0000000008000194                . = ALIGN (0x4)

.text           0x0000000008000194      0xdf4
                0x0000000008000194                . = ALIGN (0x4)
 *(.text*)
 .text          0x0000000008000194       0x38 out/Clock_Driver.o
                0x0000000008000194                Clock::EnableClock_USART2()
                0x00000000080001b0                Clock::EnableClock_GPIOA()
 .text          0x00000000080001cc      0x120 out/GPIO_Driver.o
                0x00000000080001cc                GPIO::Config(GPIO_port_mode_t, GPIO_port_output_config_t, GPIO_port_speed_t, GPIO_port_pull_t, GPIO_port_alternatefunction_t)
                0x000000000800020e                GPIO::Init()
 .text          0x00000000080002ec       0xa0 out/main.o
                0x00000000080002ec                main
 .text          0x000000000800038c      0x21c out/NVIC_Drivers.o
                0x000000000800038c                NVIC::NVIC_EnableInterrupt(unsigned char)
                0x00000000080003cc                NVIC::NVIC_DisableInterrupt(unsigned char)
                0x0000000008000410                NVIC::NVIC_SetInterruptPending(unsigned char)
                0x0000000008000454                NVIC::NVIC_ClearInterruptPending(unsigned char)
                0x0000000008000498                NVIC::NVIC_GetInterruptPendingStatus(unsigned char)
                0x00000000080004d8                NVIC::NVIC_SetInterruptPriority(unsigned char, unsigned char)
                0x0000000008000520                NVIC::NVIC_GetInterruptPriority(unsigned char)
                0x000000000800055c                EnableAllInterrupts()
                0x0000000008000572                DisableAllInterrupts()
                0x0000000008000588                SetBasePriority(unsigned long)
 .text          0x00000000080005a8       0xd8 out/stm32_startup.o
                0x00000000080005a8                init_ram()
                0x000000000800062c                call_ctors()
                0x000000000800066c                Reset_Handler()
 .text          0x0000000008000680        0x0 out/SysTick.o
 .text          0x0000000008000680      0x854 out/UART_Driver.o
                0x0000000008000680                USART::Config(USART_word_length_t, USART_parity_t, unsigned long, USART_num_stop_bits_t, bool, void (*)())
                0x00000000080006d8                USART::ConfigBaudRate(unsigned long)
                0x00000000080007e8                USART::Init()
                0x0000000008000950                USART::Print(char const*, unsigned long, unsigned long)
                0x0000000008000a7c                USART::Read(unsigned char*, unsigned long, unsigned long)
                0x0000000008000b3c                USART::PrintIT(char const*, unsigned long, unsigned long)
                0x0000000008000c58                USART::ReadIT(unsigned char*, unsigned long, unsigned long)
                0x0000000008000d44                USART2_Interrupt()
 .text._ZN4GPIOC2EP16GPIO_registers_t10GPIO_pin_t
                0x0000000008000ed4       0x2c out/UART_Driver.o
                0x0000000008000ed4                GPIO::GPIO(GPIO_registers_t*, GPIO_pin_t)
                0x0000000008000ed4                GPIO::GPIO(GPIO_registers_t*, GPIO_pin_t)
 .text._ZN5USARTC2EP17USART_Registers_t
                0x0000000008000f00       0x4e out/UART_Driver.o
                0x0000000008000f00                USART::USART(USART_Registers_t*)
                0x0000000008000f00                USART::USART(USART_Registers_t*)
 .text          0x0000000008000f4e       0x3a out/m_memory.o
                0x0000000008000f4e                m_memcpy(void*, void const*, unsigned long)
                0x0000000008000f88                . = ALIGN (0x4)
                0x0000000008000f88                _text_end = .

.glue_7         0x0000000008000f88        0x0
 .glue_7        0x0000000008000f88        0x0 linker stubs

.glue_7t        0x0000000008000f88        0x0
 .glue_7t       0x0000000008000f88        0x0 linker stubs

.vfp11_veneer   0x0000000008000f88        0x0
 .vfp11_veneer  0x0000000008000f88        0x0 linker stubs

.v4_bx          0x0000000008000f88        0x0
 .v4_bx         0x0000000008000f88        0x0 linker stubs

.iplt           0x0000000008000f88        0x0
 .iplt          0x0000000008000f88        0x0 out/GPIO_Driver.o

.rel.dyn        0x0000000008000f88        0x0
 .rel.iplt      0x0000000008000f88        0x0 out/GPIO_Driver.o

.data           0x0000000020000000       0x1c load address 0x0000000008000f88
                0x0000000020000000                . = ALIGN (0x4)
                0x0000000020000000                _data_start = .
 *(.data*)
 .data          0x0000000020000000        0x0 out/Clock_Driver.o
 .data          0x0000000020000000        0x0 out/GPIO_Driver.o
 .data          0x0000000020000000        0x0 out/main.o
 .data          0x0000000020000000       0x1c out/NVIC_Drivers.o
                0x0000000020000000                NVIC::registers
 .data          0x000000002000001c        0x0 out/stm32_startup.o
 .data          0x000000002000001c        0x0 out/SysTick.o
 .data          0x000000002000001c        0x0 out/UART_Driver.o
 .data          0x000000002000001c        0x0 out/m_memory.o
                0x000000002000001c                _data_end = .
                0x000000002000001c                . = ALIGN (0x4)

.igot.plt       0x000000002000001c        0x0 load address 0x0000000008000fa4
 .igot.plt      0x000000002000001c        0x0 out/GPIO_Driver.o

.rodata         0x0000000008000fa4      0x1c4
                0x0000000008000fa4                . = ALIGN (0x4)
 *(.rodata*)
 .rodata        0x0000000008000fa4       0x3c out/Clock_Driver.o
                0x0000000008000fdc                Clock::registers
 .rodata        0x0000000008000fe0       0x38 out/GPIO_Driver.o
 .rodata        0x0000000008001018       0x72 out/main.o
 *fill*         0x000000000800108a        0x2 
 .rodata        0x000000000800108c       0x26 out/NVIC_Drivers.o
 *fill*         0x00000000080010b2        0x2 
 .rodata        0x00000000080010b4       0xb0 out/UART_Driver.o
                0x0000000008001164                . = ALIGN (0x4)
                0x0000000008001164                _init_array_start = .
 *(SORT_BY_NAME(.init_array.*))
 *(.init_array)
 .init_array    0x0000000008001164        0x4 out/UART_Driver.o
                0x0000000008001168                _init_array_end = .
                0x0000000008001168                . = ALIGN (0x4)

.bss            0x000000002000001c      0x35c
                0x000000002000001c                . = ALIGN (0x4)
                0x000000002000001c                _bss_start = .
 *(.bss*)
 .bss           0x000000002000001c        0x4 out/Clock_Driver.o
                0x000000002000001c                globalTime
 .bss           0x0000000020000020        0x0 out/GPIO_Driver.o
 .bss           0x0000000020000020        0x0 out/main.o
 .bss           0x0000000020000020        0x0 out/NVIC_Drivers.o
 .bss           0x0000000020000020        0x4 out/stm32_startup.o
                0x0000000020000020                bss_size
 .bss           0x0000000020000024        0x0 out/SysTick.o
 .bss           0x0000000020000024      0x354 out/UART_Driver.o
                0x0000000020000024                USART2
                0x0000000020000038                USART1
                0x000000002000004c                USART6
                0x0000000020000060                USART::USART1_MessageStr
                0x0000000020000168                USART::USART2_MessageStr
                0x0000000020000270                USART::USART6_MessageStr
 .bss           0x0000000020000378        0x0 out/m_memory.o
                0x0000000020000378                _bss_end = .
                0x0000000020000378                end = _bss_end
                0x0000000020000378                . = ALIGN (0x4)
OUTPUT(bin/bootloader.elf elf32-littlearm)
LOAD linker stubs

.debug_info     0x0000000000000000     0x352a
 .debug_info    0x0000000000000000      0x4e4 out/Clock_Driver.o
 .debug_info    0x00000000000004e4      0x8f0 out/GPIO_Driver.o
 .debug_info    0x0000000000000dd4      0x998 out/main.o
 .debug_info    0x000000000000176c      0x48f out/NVIC_Drivers.o
 .debug_info    0x0000000000001bfb      0x204 out/stm32_startup.o
 .debug_info    0x0000000000001dff     0x1627 out/UART_Driver.o
 .debug_info    0x0000000000003426      0x104 out/m_memory.o

.debug_abbrev   0x0000000000000000      0xd6c
 .debug_abbrev  0x0000000000000000      0x15d out/Clock_Driver.o
 .debug_abbrev  0x000000000000015d      0x23d out/GPIO_Driver.o
 .debug_abbrev  0x000000000000039a      0x25d out/main.o
 .debug_abbrev  0x00000000000005f7      0x1af out/NVIC_Drivers.o
 .debug_abbrev  0x00000000000007a6      0x101 out/stm32_startup.o
 .debug_abbrev  0x00000000000008a7      0x41f out/UART_Driver.o
 .debug_abbrev  0x0000000000000cc6       0xa6 out/m_memory.o

.debug_aranges  0x0000000000000000       0xf0
 .debug_aranges
                0x0000000000000000       0x20 out/Clock_Driver.o
 .debug_aranges
                0x0000000000000020       0x20 out/GPIO_Driver.o
 .debug_aranges
                0x0000000000000040       0x20 out/main.o
 .debug_aranges
                0x0000000000000060       0x20 out/NVIC_Drivers.o
 .debug_aranges
                0x0000000000000080       0x20 out/stm32_startup.o
 .debug_aranges
                0x00000000000000a0       0x30 out/UART_Driver.o
 .debug_aranges
                0x00000000000000d0       0x20 out/m_memory.o

.debug_line     0x0000000000000000     0x13b8
 .debug_line    0x0000000000000000      0x12e out/Clock_Driver.o
 .debug_line    0x000000000000012e      0x364 out/GPIO_Driver.o
 .debug_line    0x0000000000000492      0x2dd out/main.o
 .debug_line    0x000000000000076f      0x1d7 out/NVIC_Drivers.o
 .debug_line    0x0000000000000946      0x183 out/stm32_startup.o
 .debug_line    0x0000000000000ac9        0x0 out/SysTick.o
 .debug_line    0x0000000000000ac9      0x7d4 out/UART_Driver.o
 .debug_line    0x000000000000129d      0x11b out/m_memory.o

.debug_str      0x0000000000000000     0x13c2
 .debug_str     0x0000000000000000      0x488 out/Clock_Driver.o
                                        0x50c (size before relaxing)
 .debug_str     0x0000000000000488      0x329 out/GPIO_Driver.o
                                        0x7d2 (size before relaxing)
 .debug_str     0x00000000000007b1      0x6f0 out/main.o
                                        0xa42 (size before relaxing)
 .debug_str     0x0000000000000ea1       0xac out/NVIC_Drivers.o
                                        0x569 (size before relaxing)
 .debug_str     0x0000000000000f4d       0xf1 out/stm32_startup.o
                                        0x23d (size before relaxing)
 .debug_str     0x000000000000103e       0x12 out/SysTick.o
                                         0xb4 (size before relaxing)
 .debug_str     0x0000000000001050      0x337 out/UART_Driver.o
                                       0x1313 (size before relaxing)
 .debug_str     0x0000000000001387       0x3b out/m_memory.o
                                        0x18d (size before relaxing)

.comment        0x0000000000000000       0x49
 .comment       0x0000000000000000       0x49 out/Clock_Driver.o
                                         0x4a (size before relaxing)
 .comment       0x0000000000000049       0x4a out/GPIO_Driver.o
 .comment       0x0000000000000049       0x4a out/main.o
 .comment       0x0000000000000049       0x4a out/NVIC_Drivers.o
 .comment       0x0000000000000049       0x4a out/stm32_startup.o
 .comment       0x0000000000000049       0x4a out/SysTick.o
 .comment       0x0000000000000049       0x4a out/UART_Driver.o
 .comment       0x0000000000000049       0x4a out/m_memory.o

.ARM.attributes
                0x0000000000000000       0x2e
 .ARM.attributes
                0x0000000000000000       0x2e out/Clock_Driver.o
 .ARM.attributes
                0x000000000000002e       0x2e out/GPIO_Driver.o
 .ARM.attributes
                0x000000000000005c       0x2e out/main.o
 .ARM.attributes
                0x000000000000008a       0x2e out/NVIC_Drivers.o
 .ARM.attributes
                0x00000000000000b8       0x2e out/stm32_startup.o
 .ARM.attributes
                0x00000000000000e6       0x2e out/SysTick.o
 .ARM.attributes
                0x0000000000000114       0x2e out/UART_Driver.o
 .ARM.attributes
                0x0000000000000142       0x2e out/m_memory.o

.debug_frame    0x0000000000000000      0x4e8
 .debug_frame   0x0000000000000000       0x50 out/Clock_Driver.o
 .debug_frame   0x0000000000000050       0x5c out/GPIO_Driver.o
 .debug_frame   0x00000000000000ac       0x30 out/main.o
 .debug_frame   0x00000000000000dc      0x190 out/NVIC_Drivers.o
 .debug_frame   0x000000000000026c       0x78 out/stm32_startup.o
 .debug_frame   0x00000000000002e4      0x1cc out/UART_Driver.o
 .debug_frame   0x00000000000004b0       0x38 out/m_memory.o

.debug_ranges   0x0000000000000000       0x20
 .debug_ranges  0x0000000000000000       0x20 out/UART_Driver.o
