Archive member included to satisfy reference by file (symbol)

/opt/gcc-arm-none-eabi-10.3-2021.10/bin/../lib/gcc/arm-none-eabi/10.3.1/../../../../arm-none-eabi/lib/libc_nano.a(lib_a-strlen.o)
                              out/Commands.o (strlen)

Discarded input sections

 .group         0x0000000000000000        0x8 out/main.o
 .group         0x0000000000000000        0x8 out/main.o
 .group         0x0000000000000000        0x8 out/main.o
 .group         0x0000000000000000        0x8 out/UART_Driver.o
 .group         0x0000000000000000        0x8 out/UART_Driver.o
 .text._ZN4GPIOC2EP16GPIO_registers_t10GPIO_pin_t
                0x0000000000000000       0x26 out/UART_Driver.o

Memory Configuration

Name             Origin             Length             Attributes
FLASH            0x0000000008000000 0x0000000000040000 xr
SRAM             0x0000000020000000 0x0000000000008000 xrw
*default*        0x0000000000000000 0xffffffffffffffff

Linker script and memory map

LOAD out/Commands.o
LOAD out/ControlStructure.o
LOAD out/main.o
LOAD out/stm32_startup.o
LOAD out/MCU_Utilities.o
LOAD out/m_memory.o
LOAD out/Clock_Driver.o
LOAD out/CRC_Driver.o
LOAD out/GPIO_Driver.o
LOAD out/NVIC_Drivers.o
LOAD out/SysTick.o
LOAD out/UART_Driver.o
LOAD /opt/gcc-arm-none-eabi-10.3-2021.10/bin/../lib/gcc/arm-none-eabi/10.3.1/../../../../arm-none-eabi/lib/libstdc++_nano.a
LOAD /opt/gcc-arm-none-eabi-10.3-2021.10/bin/../lib/gcc/arm-none-eabi/10.3.1/../../../../arm-none-eabi/lib/libm.a
START GROUP
LOAD /opt/gcc-arm-none-eabi-10.3-2021.10/bin/../lib/gcc/arm-none-eabi/10.3.1/libgcc.a
LOAD /opt/gcc-arm-none-eabi-10.3-2021.10/bin/../lib/gcc/arm-none-eabi/10.3.1/../../../../arm-none-eabi/lib/libc_nano.a
END GROUP
START GROUP
LOAD /opt/gcc-arm-none-eabi-10.3-2021.10/bin/../lib/gcc/arm-none-eabi/10.3.1/libgcc.a
LOAD /opt/gcc-arm-none-eabi-10.3-2021.10/bin/../lib/gcc/arm-none-eabi/10.3.1/../../../../arm-none-eabi/lib/libc_nano.a
LOAD /opt/gcc-arm-none-eabi-10.3-2021.10/bin/../lib/gcc/arm-none-eabi/10.3.1/../../../../arm-none-eabi/lib/libnosys.a
END GROUP
START GROUP
LOAD /opt/gcc-arm-none-eabi-10.3-2021.10/bin/../lib/gcc/arm-none-eabi/10.3.1/libgcc.a
LOAD /opt/gcc-arm-none-eabi-10.3-2021.10/bin/../lib/gcc/arm-none-eabi/10.3.1/../../../../arm-none-eabi/lib/libc_nano.a
LOAD /opt/gcc-arm-none-eabi-10.3-2021.10/bin/../lib/gcc/arm-none-eabi/10.3.1/../../../../arm-none-eabi/lib/libnosys.a
END GROUP

.isr_vector     0x0000000008000000      0x194
                0x0000000008000000                . = ALIGN (0x4)
 *(.isr_vector)
 .isr_vector    0x0000000008000000      0x194 out/stm32_startup.o
                0x0000000008000000                vector_table
                0x0000000008000194                . = ALIGN (0x4)

.text           0x0000000008000194     0x16b8
                0x0000000008000194                . = ALIGN (0x4)
 *(.text*)
 .text          0x0000000008000194      0x138 out/Commands.o
                0x0000000008000194                BootGetVersion(unsigned char*, unsigned char)
                0x000000000800020c                BootGetCID(unsigned char*, unsigned char)
                0x0000000008000224                BootFlashErase(unsigned char*, unsigned char)
                0x000000000800023c                BootFlashWrite(unsigned char*, unsigned char)
                0x0000000008000254                BootFlashVerify(unsigned char*, unsigned char)
                0x000000000800026c                BootReadSectorStatus(unsigned char*, unsigned char)
                0x0000000008000284                BootControlRWProt(unsigned char*, unsigned char)
                0x000000000800029c                BootDisableProt(unsigned char*, unsigned char)
                0x00000000080002b4                JumpToApplication(unsigned char*, unsigned char)
 .text          0x00000000080002cc      0x250 out/ControlStructure.o
                0x00000000080002cc                BootControl()
 .text          0x000000000800051c      0x1a4 out/main.o
                0x0000000008000614                main
 .text._Z7SetVTORm
                0x00000000080006c0       0x1c out/main.o
                0x00000000080006c0                SetVTOR(unsigned long)
 .text._Z15SetStackPointerm
                0x00000000080006dc       0x16 out/main.o
                0x00000000080006dc                SetStackPointer(unsigned long)
 .text._ZN4GPIOC2EP16GPIO_registers_t10GPIO_pin_t
                0x00000000080006f2       0x26 out/main.o
                0x00000000080006f2                GPIO::GPIO(GPIO_registers_t*, GPIO_pin_t)
                0x00000000080006f2                GPIO::GPIO(GPIO_registers_t*, GPIO_pin_t)
 .text          0x0000000008000718       0xf4 out/stm32_startup.o
                0x00000000080007f4                Reset_Handler()
 .text          0x000000000800080c        0x0 out/MCU_Utilities.o
 .text          0x000000000800080c       0x3a out/m_memory.o
                0x000000000800080c                m_memcpy(void*, void const*, unsigned long)
 *fill*         0x0000000008000846        0x2 
 .text          0x0000000008000848       0xe0 out/Clock_Driver.o
                0x0000000008000848                Clock::EnableClock_USART2()
                0x0000000008000864                Clock::EnableClock_GPIOA()
                0x0000000008000880                Clock::EnableClock_GPIOB()
                0x000000000800089c                Clock::EnableClock_GPIOC()
                0x00000000080008b8                Clock::EnableClock_GPIOD()
                0x00000000080008d4                Clock::EnableClock_GPIOE()
                0x00000000080008f0                Clock::EnableClock_GPIOH()
                0x000000000800090c                Clock::EnableClock_CRC()
 .text          0x0000000008000928      0x124 out/CRC_Driver.o
                0x0000000008000928                CRC::CRC_Init()
                0x0000000008000944                CRC::CRC_Reset()
                0x0000000008000960                CRC::CRC_Read(unsigned long&)
                0x0000000008000980                CRC::CRC_ComputeWithAccumulate(unsigned char const*, unsigned char, unsigned long&)
                0x00000000080009e4                CRC::CRC_Compute(unsigned char const*, unsigned char, unsigned long&)
 .text          0x0000000008000a4c      0x230 out/GPIO_Driver.o
                0x0000000008000a4c                GPIO::Config(GPIO_port_mode_t, GPIO_port_output_config_t, GPIO_port_speed_t, GPIO_port_pull_t, GPIO_port_alternatefunction_t)
                0x0000000008000a8e                GPIO::Init()
                0x0000000008000bf0                GPIO::GPIO_ReadPin() const
                0x0000000008000c28                GPIO::GPIO_WritePin(PIN_State_t)
 .text          0x0000000008000c7c      0x21c out/NVIC_Drivers.o
                0x0000000008000c7c                NVIC::NVIC_EnableInterrupt(unsigned char)
                0x0000000008000cbc                NVIC::NVIC_DisableInterrupt(unsigned char)
                0x0000000008000d00                NVIC::NVIC_SetInterruptPending(unsigned char)
                0x0000000008000d44                NVIC::NVIC_ClearInterruptPending(unsigned char)
                0x0000000008000d88                NVIC::NVIC_GetInterruptPendingStatus(unsigned char)
                0x0000000008000dc8                NVIC::NVIC_SetInterruptPriority(unsigned char, unsigned char)
                0x0000000008000e10                NVIC::NVIC_GetInterruptPriority(unsigned char)
                0x0000000008000e4c                EnableAllInterrupts()
                0x0000000008000e62                DisableAllInterrupts()
                0x0000000008000e78                SetBasePriority(unsigned long)
 .text          0x0000000008000e98       0xf8 out/SysTick.o
                0x0000000008000e98                Systick_Interrupt()
                0x0000000008000eb4                SysTick::Enable()
                0x0000000008000ed0                SysTick::Disable()
                0x0000000008000eec                SysTick::SetReloadValue(unsigned long)
                0x0000000008000f0c                SysTick::SetTickSrc(SYSTICK_ClockSrc)
                0x0000000008000f44                SysTick::EnableInt()
                0x0000000008000f60                SysTick::DisableInt()
                0x0000000008000f7c                SysTick::GetGlobalTime()
 .text          0x0000000008000f90      0x860 out/UART_Driver.o
                0x0000000008000f90                USART::Config(USART_word_length_t, USART_parity_t, unsigned long, USART_num_stop_bits_t, bool, void (*)())
                0x0000000008000fe8                USART::ConfigBaudRate(unsigned long)
                0x00000000080010f8                USART::Init()
                0x0000000008001260                USART::Transmit(char const*, unsigned long, unsigned long)
                0x0000000008001396                USART::Read(unsigned char*, unsigned long, unsigned long)
                0x0000000008001458                USART::TransmitIT(char const*, unsigned long, unsigned long)
                0x0000000008001574                USART::ReadIT(unsigned char*, unsigned long, unsigned long)
                0x0000000008001660                USART2_Interrupt()
 .text._ZN5USARTC2EP17USART_Registers_t
                0x00000000080017f0       0x4e out/UART_Driver.o
                0x00000000080017f0                USART::USART(USART_Registers_t*)
                0x00000000080017f0                USART::USART(USART_Registers_t*)
 .text          0x000000000800183e        0xe /opt/gcc-arm-none-eabi-10.3-2021.10/bin/../lib/gcc/arm-none-eabi/10.3.1/../../../../arm-none-eabi/lib/libc_nano.a(lib_a-strlen.o)
                0x000000000800183e                strlen
                0x000000000800184c                . = ALIGN (0x4)
                0x000000000800184c                _text_end = .

.glue_7         0x000000000800184c        0x0
 .glue_7        0x000000000800184c        0x0 linker stubs

.glue_7t        0x000000000800184c        0x0
 .glue_7t       0x000000000800184c        0x0 linker stubs

.vfp11_veneer   0x000000000800184c        0x0
 .vfp11_veneer  0x000000000800184c        0x0 linker stubs

.v4_bx          0x000000000800184c        0x0
 .v4_bx         0x000000000800184c        0x0 linker stubs

.iplt           0x000000000800184c        0x0
 .iplt          0x000000000800184c        0x0 out/Commands.o

.rel.dyn        0x000000000800184c        0x0
 .rel.iplt      0x000000000800184c        0x0 out/Commands.o

.data           0x0000000020000000       0x6c load address 0x000000000800184c
                0x0000000020000000                . = ALIGN (0x4)
                0x0000000020000000                _data_start = .
 *(.data*)
 .data          0x0000000020000000       0x4c out/Commands.o
                0x0000000020000004                serviceTable
 .data          0x000000002000004c        0x0 out/ControlStructure.o
 .data          0x000000002000004c        0x0 out/main.o
 .data          0x000000002000004c        0x0 out/stm32_startup.o
 .data          0x000000002000004c        0x0 out/MCU_Utilities.o
 .data          0x000000002000004c        0x0 out/m_memory.o
 .data          0x000000002000004c        0x0 out/Clock_Driver.o
 .data          0x000000002000004c        0x1 out/CRC_Driver.o
                0x000000002000004c                CRC::currentState
 .data          0x000000002000004d        0x0 out/GPIO_Driver.o
 *fill*         0x000000002000004d        0x3 
 .data          0x0000000020000050       0x1c out/NVIC_Drivers.o
                0x0000000020000050                NVIC::registers
 .data          0x000000002000006c        0x0 out/SysTick.o
 .data          0x000000002000006c        0x0 out/UART_Driver.o
 .data          0x000000002000006c        0x0 /opt/gcc-arm-none-eabi-10.3-2021.10/bin/../lib/gcc/arm-none-eabi/10.3.1/../../../../arm-none-eabi/lib/libc_nano.a(lib_a-strlen.o)
                0x000000002000006c                _data_end = .
                0x000000002000006c                . = ALIGN (0x4)

.igot.plt       0x000000002000006c        0x0 load address 0x00000000080018b8
 .igot.plt      0x000000002000006c        0x0 out/Commands.o

.rodata         0x00000000080018b8      0x500
                0x00000000080018b8                . = ALIGN (0x4)
 *(.rodata*)
 .rodata        0x00000000080018b8       0xa0 out/Commands.o
                0x0000000008001957                NUMBER_OF_COMMANDS
 .rodata        0x0000000008001958       0x97 out/ControlStructure.o
 *fill*         0x00000000080019ef        0x1 
 .rodata        0x00000000080019f0       0xca out/main.o
 *fill*         0x0000000008001aba        0x2 
 .rodata        0x0000000008001abc       0x90 out/MCU_Utilities.o
 .rodata        0x0000000008001b4c       0x5c out/Clock_Driver.o
                0x0000000008001ba4                Clock::registers
 .rodata        0x0000000008001ba8       0x60 out/CRC_Driver.o
                0x0000000008001c04                CRC::registers
 .rodata        0x0000000008001c08       0x58 out/GPIO_Driver.o
 .rodata        0x0000000008001c60       0x36 out/NVIC_Drivers.o
 *fill*         0x0000000008001c96        0x2 
 .rodata        0x0000000008001c98       0x34 out/SysTick.o
                0x0000000008001cc8                SysTick::registers
 .rodata        0x0000000008001ccc       0xe8 out/UART_Driver.o
                0x0000000008001db4                . = ALIGN (0x4)
                0x0000000008001db4                _init_array_start = .
 *(SORT_BY_NAME(.init_array.*))
 *(.init_array)
 .init_array    0x0000000008001db4        0x4 out/UART_Driver.o
                0x0000000008001db8                _init_array_end = .
                0x0000000008001db8                . = ALIGN (0x4)

.bss            0x000000002000006c      0x35c
                0x000000002000006c                . = ALIGN (0x4)
                0x000000002000006c                _bss_start = .
 *(.bss*)
 .bss           0x000000002000006c        0x0 out/Commands.o
 .bss           0x000000002000006c        0x0 out/ControlStructure.o
 .bss           0x000000002000006c        0x0 out/main.o
 .bss           0x000000002000006c        0x4 out/stm32_startup.o
                0x000000002000006c                bss_size
 .bss           0x0000000020000070        0x0 out/MCU_Utilities.o
 .bss           0x0000000020000070        0x0 out/m_memory.o
 .bss           0x0000000020000070        0x0 out/Clock_Driver.o
 .bss           0x0000000020000070        0x0 out/CRC_Driver.o
 .bss           0x0000000020000070        0x0 out/GPIO_Driver.o
 .bss           0x0000000020000070        0x0 out/NVIC_Drivers.o
 .bss           0x0000000020000070        0x4 out/SysTick.o
                0x0000000020000070                SysTick::globalTime
 .bss           0x0000000020000074      0x354 out/UART_Driver.o
                0x0000000020000074                USART2
                0x0000000020000088                USART1
                0x000000002000009c                USART6
                0x00000000200000b0                USART::USART1_MessageStr
                0x00000000200001b8                USART::USART2_MessageStr
                0x00000000200002c0                USART::USART6_MessageStr
 .bss           0x00000000200003c8        0x0 /opt/gcc-arm-none-eabi-10.3-2021.10/bin/../lib/gcc/arm-none-eabi/10.3.1/../../../../arm-none-eabi/lib/libc_nano.a(lib_a-strlen.o)
                0x00000000200003c8                _bss_end = .
                0x00000000200003c8                end = _bss_end
                0x00000000200003c8                . = ALIGN (0x4)
OUTPUT(bin/bootloader.elf elf32-littlearm)
LOAD linker stubs

.debug_info     0x0000000000000000     0x6df2
 .debug_info    0x0000000000000000      0xd04 out/Commands.o
 .debug_info    0x0000000000000d04      0xe1a out/ControlStructure.o
 .debug_info    0x0000000000001b1e     0x12d8 out/main.o
 .debug_info    0x0000000000002df6      0x20e out/stm32_startup.o
 .debug_info    0x0000000000003004      0x309 out/MCU_Utilities.o
 .debug_info    0x000000000000330d      0x104 out/m_memory.o
 .debug_info    0x0000000000003411      0x611 out/Clock_Driver.o
 .debug_info    0x0000000000003a22      0x7b4 out/CRC_Driver.o
 .debug_info    0x00000000000041d6      0xa72 out/GPIO_Driver.o
 .debug_info    0x0000000000004c48      0x4d7 out/NVIC_Drivers.o
 .debug_info    0x000000000000511f      0x3c0 out/SysTick.o
 .debug_info    0x00000000000054df     0x1913 out/UART_Driver.o

.debug_abbrev   0x0000000000000000     0x1922
 .debug_abbrev  0x0000000000000000      0x26e out/Commands.o
 .debug_abbrev  0x000000000000026e      0x308 out/ControlStructure.o
 .debug_abbrev  0x0000000000000576      0x40f out/main.o
 .debug_abbrev  0x0000000000000985      0x10f out/stm32_startup.o
 .debug_abbrev  0x0000000000000a94       0x4d out/MCU_Utilities.o
 .debug_abbrev  0x0000000000000ae1       0xa6 out/m_memory.o
 .debug_abbrev  0x0000000000000b87      0x14a out/Clock_Driver.o
 .debug_abbrev  0x0000000000000cd1      0x26a out/CRC_Driver.o
 .debug_abbrev  0x0000000000000f3b      0x257 out/GPIO_Driver.o
 .debug_abbrev  0x0000000000001192      0x1af out/NVIC_Drivers.o
 .debug_abbrev  0x0000000000001341      0x1ad out/SysTick.o
 .debug_abbrev  0x00000000000014ee      0x434 out/UART_Driver.o

.debug_aranges  0x0000000000000000      0x1a0
 .debug_aranges
                0x0000000000000000       0x20 out/Commands.o
 .debug_aranges
                0x0000000000000020       0x20 out/ControlStructure.o
 .debug_aranges
                0x0000000000000040       0x38 out/main.o
 .debug_aranges
                0x0000000000000078       0x20 out/stm32_startup.o
 .debug_aranges
                0x0000000000000098       0x18 out/MCU_Utilities.o
 .debug_aranges
                0x00000000000000b0       0x20 out/m_memory.o
 .debug_aranges
                0x00000000000000d0       0x20 out/Clock_Driver.o
 .debug_aranges
                0x00000000000000f0       0x20 out/CRC_Driver.o
 .debug_aranges
                0x0000000000000110       0x20 out/GPIO_Driver.o
 .debug_aranges
                0x0000000000000130       0x20 out/NVIC_Drivers.o
 .debug_aranges
                0x0000000000000150       0x20 out/SysTick.o
 .debug_aranges
                0x0000000000000170       0x30 out/UART_Driver.o

.debug_line     0x0000000000000000     0x2303
 .debug_line    0x0000000000000000      0x360 out/Commands.o
 .debug_line    0x0000000000000360      0x414 out/ControlStructure.o
 .debug_line    0x0000000000000774      0x42f out/main.o
 .debug_line    0x0000000000000ba3      0x190 out/stm32_startup.o
 .debug_line    0x0000000000000d33      0x102 out/MCU_Utilities.o
 .debug_line    0x0000000000000e35      0x11b out/m_memory.o
 .debug_line    0x0000000000000f50      0x1ab out/Clock_Driver.o
 .debug_line    0x00000000000010fb      0x21f out/CRC_Driver.o
 .debug_line    0x000000000000131a      0x444 out/GPIO_Driver.o
 .debug_line    0x000000000000175e      0x1f4 out/NVIC_Drivers.o
 .debug_line    0x0000000000001952      0x1a1 out/SysTick.o
 .debug_line    0x0000000000001af3      0x810 out/UART_Driver.o

.debug_str      0x0000000000000000     0x1dbd
 .debug_str     0x0000000000000000      0xab3 out/Commands.o
                                        0xc4e (size before relaxing)
 .debug_str     0x0000000000000ab3      0x21d out/ControlStructure.o
                                        0xcf5 (size before relaxing)
 .debug_str     0x0000000000000cd0      0x70a out/main.o
                                       0x1359 (size before relaxing)
 .debug_str     0x00000000000013da       0xdf out/stm32_startup.o
                                        0x22b (size before relaxing)
 .debug_str     0x00000000000014b9       0x20 out/MCU_Utilities.o
                                        0x39d (size before relaxing)
 .debug_str     0x00000000000014d9       0x3b out/m_memory.o
                                        0x18d (size before relaxing)
 .debug_str     0x0000000000001514      0x3dd out/Clock_Driver.o
                                        0x6ab (size before relaxing)
 .debug_str     0x00000000000018f1       0x52 out/CRC_Driver.o
                                        0x7b0 (size before relaxing)
 .debug_str     0x0000000000001943       0x24 out/GPIO_Driver.o
                                        0x9e9 (size before relaxing)
 .debug_str     0x0000000000001967       0xb4 out/NVIC_Drivers.o
                                        0x5ac (size before relaxing)
 .debug_str     0x0000000000001a1b       0xb4 out/SysTick.o
                                        0x492 (size before relaxing)
 .debug_str     0x0000000000001acf      0x2ee out/UART_Driver.o
                                       0x1773 (size before relaxing)

.comment        0x0000000000000000       0x49
 .comment       0x0000000000000000       0x49 out/Commands.o
                                         0x4a (size before relaxing)
 .comment       0x0000000000000049       0x4a out/ControlStructure.o
 .comment       0x0000000000000049       0x4a out/main.o
 .comment       0x0000000000000049       0x4a out/stm32_startup.o
 .comment       0x0000000000000049       0x4a out/MCU_Utilities.o
 .comment       0x0000000000000049       0x4a out/m_memory.o
 .comment       0x0000000000000049       0x4a out/Clock_Driver.o
 .comment       0x0000000000000049       0x4a out/CRC_Driver.o
 .comment       0x0000000000000049       0x4a out/GPIO_Driver.o
 .comment       0x0000000000000049       0x4a out/NVIC_Drivers.o
 .comment       0x0000000000000049       0x4a out/SysTick.o
 .comment       0x0000000000000049       0x4a out/UART_Driver.o

.ARM.attributes
                0x0000000000000000       0x2c
 .ARM.attributes
                0x0000000000000000       0x2e out/Commands.o
 .ARM.attributes
                0x000000000000002e       0x2e out/ControlStructure.o
 .ARM.attributes
                0x000000000000005c       0x2e out/main.o
 .ARM.attributes
                0x000000000000008a       0x2e out/stm32_startup.o
 .ARM.attributes
                0x00000000000000b8       0x2e out/MCU_Utilities.o
 .ARM.attributes
                0x00000000000000e6       0x2e out/m_memory.o
 .ARM.attributes
                0x0000000000000114       0x2e out/Clock_Driver.o
 .ARM.attributes
                0x0000000000000142       0x2e out/CRC_Driver.o
 .ARM.attributes
                0x0000000000000170       0x2e out/GPIO_Driver.o
 .ARM.attributes
                0x000000000000019e       0x2e out/NVIC_Drivers.o
 .ARM.attributes
                0x00000000000001cc       0x2e out/SysTick.o
 .ARM.attributes
                0x00000000000001fa       0x2e out/UART_Driver.o
 .ARM.attributes
                0x0000000000000228       0x1c /opt/gcc-arm-none-eabi-10.3-2021.10/bin/../lib/gcc/arm-none-eabi/10.3.1/../../../../arm-none-eabi/lib/libc_nano.a(lib_a-strlen.o)

.debug_frame    0x0000000000000000      0xb88
 .debug_frame   0x0000000000000000      0x174 out/Commands.o
 .debug_frame   0x0000000000000174       0xc8 out/ControlStructure.o
 .debug_frame   0x000000000000023c      0x18c out/main.o
 .debug_frame   0x00000000000003c8       0x98 out/stm32_startup.o
 .debug_frame   0x0000000000000460       0x38 out/m_memory.o
 .debug_frame   0x0000000000000498      0x110 out/Clock_Driver.o
 .debug_frame   0x00000000000005a8       0xc0 out/CRC_Driver.o
 .debug_frame   0x0000000000000668       0xac out/GPIO_Driver.o
 .debug_frame   0x0000000000000714      0x190 out/NVIC_Drivers.o
 .debug_frame   0x00000000000008a4      0x120 out/SysTick.o
 .debug_frame   0x00000000000009c4      0x1c4 out/UART_Driver.o

.debug_ranges   0x0000000000000000       0x48
 .debug_ranges  0x0000000000000000       0x28 out/main.o
 .debug_ranges  0x0000000000000028       0x20 out/UART_Driver.o
