
Discarded input sections

 .group         0x0000000000000000        0x8 out/UART_Driver.o
 .group         0x0000000000000000        0x8 out/UART_Driver.o

Memory Configuration

Name             Origin             Length             Attributes
FLASH            0x0000000008000000 0x0000000000080000 xr
SRAM             0x0000000020000000 0x0000000000018000 xrw
*default*        0x0000000000000000 0xffffffffffffffff

Linker script and memory map

LOAD out/Clock_Driver.o
LOAD out/GPIO_Driver.o
LOAD out/main.o
LOAD out/m_memory.o
LOAD out/NVIC_Drivers.o
LOAD out/stm32_startup.o
LOAD out/SysTick.o
LOAD out/UART_Driver.o
LOAD /opt/gcc-arm-none-eabi-10.3-2021.10/bin/../lib/gcc/arm-none-eabi/10.3.1/../../../../arm-none-eabi/lib/libstdc++_nano.a
LOAD /opt/gcc-arm-none-eabi-10.3-2021.10/bin/../lib/gcc/arm-none-eabi/10.3.1/../../../../arm-none-eabi/lib/libm.a
START GROUP
LOAD /opt/gcc-arm-none-eabi-10.3-2021.10/bin/../lib/gcc/arm-none-eabi/10.3.1/libgcc.a
LOAD /opt/gcc-arm-none-eabi-10.3-2021.10/bin/../lib/gcc/arm-none-eabi/10.3.1/../../../../arm-none-eabi/lib/libc_nano.a
END GROUP
START GROUP
LOAD /opt/gcc-arm-none-eabi-10.3-2021.10/bin/../lib/gcc/arm-none-eabi/10.3.1/libgcc.a
LOAD /opt/gcc-arm-none-eabi-10.3-2021.10/bin/../lib/gcc/arm-none-eabi/10.3.1/../../../../arm-none-eabi/lib/libc_nano.a
LOAD /opt/gcc-arm-none-eabi-10.3-2021.10/bin/../lib/gcc/arm-none-eabi/10.3.1/../../../../arm-none-eabi/lib/libnosys.a
END GROUP
START GROUP
LOAD /opt/gcc-arm-none-eabi-10.3-2021.10/bin/../lib/gcc/arm-none-eabi/10.3.1/libgcc.a
LOAD /opt/gcc-arm-none-eabi-10.3-2021.10/bin/../lib/gcc/arm-none-eabi/10.3.1/../../../../arm-none-eabi/lib/libc_nano.a
LOAD /opt/gcc-arm-none-eabi-10.3-2021.10/bin/../lib/gcc/arm-none-eabi/10.3.1/../../../../arm-none-eabi/lib/libnosys.a
END GROUP

.isr_vector     0x0000000008000000      0x194
                0x0000000008000000                . = ALIGN (0x4)
 *(.isr_vector)
 .isr_vector    0x0000000008000000      0x194 out/stm32_startup.o
                0x0000000008000000                vector_table
                0x0000000008000194                . = ALIGN (0x4)

.text           0x0000000008000194      0xb94
                0x0000000008000194                . = ALIGN (0x4)
 *(.text*)
 .text          0x0000000008000194       0x38 out/Clock_Driver.o
                0x0000000008000194                Clock::EnableClock_USART2()
                0x00000000080001b0                Clock::EnableClock_GPIOA()
 .text          0x00000000080001cc      0x120 out/GPIO_Driver.o
                0x00000000080001cc                GPIO::Config(GPIO_port_mode_t, GPIO_port_output_config_t, GPIO_port_speed_t, GPIO_port_pull_t, GPIO_port_alternatefunction_t)
                0x000000000800020e                GPIO::Init()
 .text          0x00000000080002ec       0x90 out/main.o
                0x00000000080002ec                main
 .text          0x000000000800037c       0x3a out/m_memory.o
                0x000000000800037c                m_memcpy(void*, void const*, unsigned long)
 *fill*         0x00000000080003b6        0x2 
 .text          0x00000000080003b8      0x21c out/NVIC_Drivers.o
                0x00000000080003b8                NVIC::NVIC_EnableInterrupt(unsigned char)
                0x00000000080003f8                NVIC::NVIC_DisableInterrupt(unsigned char)
                0x000000000800043c                NVIC::NVIC_SetInterruptPending(unsigned char)
                0x0000000008000480                NVIC::NVIC_ClearInterruptPending(unsigned char)
                0x00000000080004c4                NVIC::NVIC_GetInterruptPendingStatus(unsigned char)
                0x0000000008000504                NVIC::NVIC_SetInterruptPriority(unsigned char, unsigned char)
                0x000000000800054c                NVIC::NVIC_GetInterruptPriority(unsigned char)
                0x0000000008000588                EnableAllInterrupts()
                0x000000000800059e                DisableAllInterrupts()
                0x00000000080005b4                SetBasePriority(unsigned long)
 .text          0x00000000080005d4       0xd8 out/stm32_startup.o
                0x00000000080005d4                init_ram()
                0x0000000008000658                call_ctors()
                0x0000000008000698                Reset_Handler()
 .text          0x00000000080006ac        0x0 out/SysTick.o
 .text          0x00000000080006ac      0x60c out/UART_Driver.o
                0x00000000080006ac                USART::Config(USART_word_length_t, USART_parity_t, unsigned long, USART_num_stop_bits_t)
                0x00000000080006e8                USART::ConfigBaudRate(unsigned long)
                0x00000000080007f8                USART::Init()
                0x000000000800094c                USART::Print(char const*, unsigned long, unsigned long)
                0x0000000008000a78                USART::PrintIT(char const*, unsigned long, unsigned long)
                0x0000000008000b84                USART::Read(char*, unsigned long, unsigned long)
                0x0000000008000b9e                USART::ReadIT(char*, unsigned long, unsigned long)
                0x0000000008000bb8                USART2_Interrupt()
                0x0000000008000c30                USART1_RxInterruptCallback()
                0x0000000008000c3c                USART2_RxInterruptCallback()
                0x0000000008000c48                USART6_RxInterruptCallback()
 .text._ZN4GPIOC2EP16GPIO_registers_t10GPIO_pin_t
                0x0000000008000cb8       0x2c out/UART_Driver.o
                0x0000000008000cb8                GPIO::GPIO(GPIO_registers_t*, GPIO_pin_t)
                0x0000000008000cb8                GPIO::GPIO(GPIO_registers_t*, GPIO_pin_t)
 .text._ZN5USARTC2EP17USART_Registers_t
                0x0000000008000ce4       0x42 out/UART_Driver.o
                0x0000000008000ce4                USART::USART(USART_Registers_t*)
                0x0000000008000ce4                USART::USART(USART_Registers_t*)
                0x0000000008000d28                . = ALIGN (0x4)
 *fill*         0x0000000008000d26        0x2 
                0x0000000008000d28                _text_end = .

.glue_7         0x0000000008000d28        0x0
 .glue_7        0x0000000008000d28        0x0 linker stubs

.glue_7t        0x0000000008000d28        0x0
 .glue_7t       0x0000000008000d28        0x0 linker stubs

.vfp11_veneer   0x0000000008000d28        0x0
 .vfp11_veneer  0x0000000008000d28        0x0 linker stubs

.v4_bx          0x0000000008000d28        0x0
 .v4_bx         0x0000000008000d28        0x0 linker stubs

.iplt           0x0000000008000d28        0x0
 .iplt          0x0000000008000d28        0x0 out/GPIO_Driver.o

.rel.dyn        0x0000000008000d28        0x0
 .rel.iplt      0x0000000008000d28        0x0 out/GPIO_Driver.o

.data           0x0000000020000000       0x1c load address 0x0000000008000d28
                0x0000000020000000                . = ALIGN (0x4)
                0x0000000020000000                _data_start = .
 *(.data*)
 .data          0x0000000020000000        0x0 out/Clock_Driver.o
 .data          0x0000000020000000        0x0 out/GPIO_Driver.o
 .data          0x0000000020000000        0x0 out/main.o
 .data          0x0000000020000000        0x0 out/m_memory.o
 .data          0x0000000020000000       0x1c out/NVIC_Drivers.o
                0x0000000020000000                NVIC::registers
 .data          0x000000002000001c        0x0 out/stm32_startup.o
 .data          0x000000002000001c        0x0 out/SysTick.o
 .data          0x000000002000001c        0x0 out/UART_Driver.o
                0x000000002000001c                _data_end = .
                0x000000002000001c                . = ALIGN (0x4)

.igot.plt       0x000000002000001c        0x0 load address 0x0000000008000d44
 .igot.plt      0x000000002000001c        0x0 out/GPIO_Driver.o

.rodata         0x0000000008000d44      0x1c4
                0x0000000008000d44                . = ALIGN (0x4)
 *(.rodata*)
 .rodata        0x0000000008000d44       0x3c out/Clock_Driver.o
                0x0000000008000d7c                Clock::registers
 .rodata        0x0000000008000d80       0x38 out/GPIO_Driver.o
 .rodata        0x0000000008000db8       0x71 out/main.o
 *fill*         0x0000000008000e29        0x3 
 .rodata        0x0000000008000e2c       0x26 out/NVIC_Drivers.o
 *fill*         0x0000000008000e52        0x2 
 .rodata        0x0000000008000e54       0xb0 out/UART_Driver.o
                0x0000000008000f04                . = ALIGN (0x4)
                0x0000000008000f04                _init_array_start = .
 *(SORT_BY_NAME(.init_array.*))
 *(.init_array)
 .init_array    0x0000000008000f04        0x4 out/UART_Driver.o
                0x0000000008000f08                _init_array_end = .
                0x0000000008000f08                . = ALIGN (0x4)

.bss            0x000000002000001c      0x644
                0x000000002000001c                . = ALIGN (0x4)
                0x000000002000001c                _bss_start = .
 *(.bss*)
 .bss           0x000000002000001c        0x4 out/Clock_Driver.o
                0x000000002000001c                globalTime
 .bss           0x0000000020000020        0x0 out/GPIO_Driver.o
 .bss           0x0000000020000020        0x0 out/main.o
 .bss           0x0000000020000020        0x0 out/m_memory.o
 .bss           0x0000000020000020        0x0 out/NVIC_Drivers.o
 .bss           0x0000000020000020        0x4 out/stm32_startup.o
                0x0000000020000020                bss_size
 .bss           0x0000000020000024        0x0 out/SysTick.o
 .bss           0x0000000020000024      0x63c out/UART_Driver.o
                0x0000000020000024                USART2
                0x0000000020000034                USART1
                0x0000000020000044                USART6
                0x0000000020000054                USART::USART1_MessageStr
                0x0000000020000258                USART::USART2_MessageStr
                0x000000002000045c                USART::USART6_MessageStr
                0x0000000020000660                _bss_end = .
                0x0000000020000660                end = _bss_end
                0x0000000020000660                . = ALIGN (0x4)
OUTPUT(bin/bootloader.elf elf32-littlearm)
LOAD linker stubs

.debug_info     0x0000000000000000     0x34af
 .debug_info    0x0000000000000000      0x4e4 out/Clock_Driver.o
 .debug_info    0x00000000000004e4      0x8f0 out/GPIO_Driver.o
 .debug_info    0x0000000000000dd4      0x979 out/main.o
 .debug_info    0x000000000000174d      0x104 out/m_memory.o
 .debug_info    0x0000000000001851      0x48f out/NVIC_Drivers.o
 .debug_info    0x0000000000001ce0      0x204 out/stm32_startup.o
 .debug_info    0x0000000000001ee4     0x15cb out/UART_Driver.o

.debug_abbrev   0x0000000000000000      0xd51
 .debug_abbrev  0x0000000000000000      0x15d out/Clock_Driver.o
 .debug_abbrev  0x000000000000015d      0x23d out/GPIO_Driver.o
 .debug_abbrev  0x000000000000039a      0x261 out/main.o
 .debug_abbrev  0x00000000000005fb       0xa6 out/m_memory.o
 .debug_abbrev  0x00000000000006a1      0x1af out/NVIC_Drivers.o
 .debug_abbrev  0x0000000000000850      0x101 out/stm32_startup.o
 .debug_abbrev  0x0000000000000951      0x400 out/UART_Driver.o

.debug_aranges  0x0000000000000000       0xf0
 .debug_aranges
                0x0000000000000000       0x20 out/Clock_Driver.o
 .debug_aranges
                0x0000000000000020       0x20 out/GPIO_Driver.o
 .debug_aranges
                0x0000000000000040       0x20 out/main.o
 .debug_aranges
                0x0000000000000060       0x20 out/m_memory.o
 .debug_aranges
                0x0000000000000080       0x20 out/NVIC_Drivers.o
 .debug_aranges
                0x00000000000000a0       0x20 out/stm32_startup.o
 .debug_aranges
                0x00000000000000c0       0x30 out/UART_Driver.o

.debug_line     0x0000000000000000     0x122e
 .debug_line    0x0000000000000000      0x12c out/Clock_Driver.o
 .debug_line    0x000000000000012c      0x362 out/GPIO_Driver.o
 .debug_line    0x000000000000048e      0x2e2 out/main.o
 .debug_line    0x0000000000000770      0x111 out/m_memory.o
 .debug_line    0x0000000000000881      0x1d5 out/NVIC_Drivers.o
 .debug_line    0x0000000000000a56      0x181 out/stm32_startup.o
 .debug_line    0x0000000000000bd7        0x0 out/SysTick.o
 .debug_line    0x0000000000000bd7      0x657 out/UART_Driver.o

.debug_str      0x0000000000000000     0x13f6
 .debug_str     0x0000000000000000      0x486 out/Clock_Driver.o
                                        0x50a (size before relaxing)
 .debug_str     0x0000000000000486      0x327 out/GPIO_Driver.o
                                        0x7d0 (size before relaxing)
 .debug_str     0x00000000000007ad      0x699 out/main.o
                                        0xa21 (size before relaxing)
 .debug_str     0x0000000000000e46       0x31 out/m_memory.o
                                        0x183 (size before relaxing)
 .debug_str     0x0000000000000e77       0xaa out/NVIC_Drivers.o
                                        0x567 (size before relaxing)
 .debug_str     0x0000000000000f21       0xe9 out/stm32_startup.o
                                        0x23b (size before relaxing)
 .debug_str     0x000000000000100a       0x10 out/SysTick.o
                                         0xb2 (size before relaxing)
 .debug_str     0x000000000000101a      0x3dc out/UART_Driver.o
                                       0x1393 (size before relaxing)

.comment        0x0000000000000000       0x49
 .comment       0x0000000000000000       0x49 out/Clock_Driver.o
                                         0x4a (size before relaxing)
 .comment       0x0000000000000049       0x4a out/GPIO_Driver.o
 .comment       0x0000000000000049       0x4a out/main.o
 .comment       0x0000000000000049       0x4a out/m_memory.o
 .comment       0x0000000000000049       0x4a out/NVIC_Drivers.o
 .comment       0x0000000000000049       0x4a out/stm32_startup.o
 .comment       0x0000000000000049       0x4a out/SysTick.o
 .comment       0x0000000000000049       0x4a out/UART_Driver.o

.ARM.attributes
                0x0000000000000000       0x2e
 .ARM.attributes
                0x0000000000000000       0x2e out/Clock_Driver.o
 .ARM.attributes
                0x000000000000002e       0x2e out/GPIO_Driver.o
 .ARM.attributes
                0x000000000000005c       0x2e out/main.o
 .ARM.attributes
                0x000000000000008a       0x2e out/m_memory.o
 .ARM.attributes
                0x00000000000000b8       0x2e out/NVIC_Drivers.o
 .ARM.attributes
                0x00000000000000e6       0x2e out/stm32_startup.o
 .ARM.attributes
                0x0000000000000114       0x2e out/SysTick.o
 .ARM.attributes
                0x0000000000000142       0x2e out/UART_Driver.o

.debug_frame    0x0000000000000000      0x554
 .debug_frame   0x0000000000000000       0x50 out/Clock_Driver.o
 .debug_frame   0x0000000000000050       0x5c out/GPIO_Driver.o
 .debug_frame   0x00000000000000ac       0x38 out/main.o
 .debug_frame   0x00000000000000e4       0x38 out/m_memory.o
 .debug_frame   0x000000000000011c      0x190 out/NVIC_Drivers.o
 .debug_frame   0x00000000000002ac       0x78 out/stm32_startup.o
 .debug_frame   0x0000000000000324      0x230 out/UART_Driver.o

.debug_ranges   0x0000000000000000       0x20
 .debug_ranges  0x0000000000000000       0x20 out/UART_Driver.o
