
Discarded input sections

 .group         0x0000000000000000        0x8 out/UART_Driver.o
 .group         0x0000000000000000        0x8 out/UART_Driver.o

Memory Configuration

Name             Origin             Length             Attributes
FLASH            0x0000000008000000 0x0000000000080000 xr
SRAM             0x0000000020000000 0x0000000000018000 xrw
*default*        0x0000000000000000 0xffffffffffffffff

Linker script and memory map

LOAD out/Clock_Driver.o
LOAD out/GPIO_Driver.o
LOAD out/main.o
LOAD out/m_memory.o
LOAD out/NVIC_Drivers.o
LOAD out/stm32_startup.o
LOAD out/SysTick.o
LOAD out/UART_Driver.o
LOAD /opt/gcc-arm-none-eabi-10.3-2021.10/bin/../lib/gcc/arm-none-eabi/10.3.1/../../../../arm-none-eabi/lib/libstdc++_nano.a
LOAD /opt/gcc-arm-none-eabi-10.3-2021.10/bin/../lib/gcc/arm-none-eabi/10.3.1/../../../../arm-none-eabi/lib/libm.a
START GROUP
LOAD /opt/gcc-arm-none-eabi-10.3-2021.10/bin/../lib/gcc/arm-none-eabi/10.3.1/libgcc.a
LOAD /opt/gcc-arm-none-eabi-10.3-2021.10/bin/../lib/gcc/arm-none-eabi/10.3.1/../../../../arm-none-eabi/lib/libc_nano.a
END GROUP
START GROUP
LOAD /opt/gcc-arm-none-eabi-10.3-2021.10/bin/../lib/gcc/arm-none-eabi/10.3.1/libgcc.a
LOAD /opt/gcc-arm-none-eabi-10.3-2021.10/bin/../lib/gcc/arm-none-eabi/10.3.1/../../../../arm-none-eabi/lib/libc_nano.a
LOAD /opt/gcc-arm-none-eabi-10.3-2021.10/bin/../lib/gcc/arm-none-eabi/10.3.1/../../../../arm-none-eabi/lib/libnosys.a
END GROUP
START GROUP
LOAD /opt/gcc-arm-none-eabi-10.3-2021.10/bin/../lib/gcc/arm-none-eabi/10.3.1/libgcc.a
LOAD /opt/gcc-arm-none-eabi-10.3-2021.10/bin/../lib/gcc/arm-none-eabi/10.3.1/../../../../arm-none-eabi/lib/libc_nano.a
LOAD /opt/gcc-arm-none-eabi-10.3-2021.10/bin/../lib/gcc/arm-none-eabi/10.3.1/../../../../arm-none-eabi/lib/libnosys.a
END GROUP

.isr_vector     0x0000000008000000      0x194
                0x0000000008000000                . = ALIGN (0x4)
 *(.isr_vector)
 .isr_vector    0x0000000008000000      0x194 out/stm32_startup.o
                0x0000000008000000                vector_table
                0x0000000008000194                . = ALIGN (0x4)

.text           0x0000000008000194      0xc68
                0x0000000008000194                . = ALIGN (0x4)
 *(.text*)
 .text          0x0000000008000194       0x38 out/Clock_Driver.o
                0x0000000008000194                Clock::EnableClock_USART2()
                0x00000000080001b0                Clock::EnableClock_GPIOA()
 .text          0x00000000080001cc      0x120 out/GPIO_Driver.o
                0x00000000080001cc                GPIO::Config(GPIO_port_mode_t, GPIO_port_output_config_t, GPIO_port_speed_t, GPIO_port_pull_t, GPIO_port_alternatefunction_t)
                0x000000000800020e                GPIO::Init()
 .text          0x00000000080002ec       0xcc out/main.o
                0x00000000080002ec                main
 .text          0x00000000080003b8       0x3a out/m_memory.o
                0x00000000080003b8                m_memcpy(void*, void const*, unsigned long)
 *fill*         0x00000000080003f2        0x2 
 .text          0x00000000080003f4      0x21c out/NVIC_Drivers.o
                0x00000000080003f4                NVIC::NVIC_EnableInterrupt(unsigned char)
                0x0000000008000434                NVIC::NVIC_DisableInterrupt(unsigned char)
                0x0000000008000478                NVIC::NVIC_SetInterruptPending(unsigned char)
                0x00000000080004bc                NVIC::NVIC_ClearInterruptPending(unsigned char)
                0x0000000008000500                NVIC::NVIC_GetInterruptPendingStatus(unsigned char)
                0x0000000008000540                NVIC::NVIC_SetInterruptPriority(unsigned char, unsigned char)
                0x0000000008000588                NVIC::NVIC_GetInterruptPriority(unsigned char)
                0x00000000080005c4                EnableAllInterrupts()
                0x00000000080005da                DisableAllInterrupts()
                0x00000000080005f0                SetBasePriority(unsigned long)
 .text          0x0000000008000610       0xd8 out/stm32_startup.o
                0x0000000008000610                init_ram()
                0x0000000008000694                call_ctors()
                0x00000000080006d4                Reset_Handler()
 .text          0x00000000080006e8        0x0 out/SysTick.o
 .text          0x00000000080006e8      0x698 out/UART_Driver.o
                0x00000000080006e8                USART::Config(USART_word_length_t, USART_parity_t, unsigned long, USART_num_stop_bits_t, bool, void (*)(unsigned char*, unsigned long))
                0x0000000008000732                USART::ConfigBaudRate(unsigned long)
                0x0000000008000840                USART::Init()
                0x0000000008000994                USART::Print(char const*, unsigned long, unsigned long)
                0x0000000008000ac0                USART::Read(unsigned char*, unsigned long, unsigned long)
                0x0000000008000b80                USART::PrintIT(char const*, unsigned long, unsigned long)
                0x0000000008000c8c                USART::ReadIT(unsigned char*, unsigned long, unsigned long)
                0x0000000008000ca6                USART2_Interrupt()
 .text._ZN4GPIOC2EP16GPIO_registers_t10GPIO_pin_t
                0x0000000008000d80       0x2c out/UART_Driver.o
                0x0000000008000d80                GPIO::GPIO(GPIO_registers_t*, GPIO_pin_t)
                0x0000000008000d80                GPIO::GPIO(GPIO_registers_t*, GPIO_pin_t)
 .text._ZN5USARTC2EP17USART_Registers_t
                0x0000000008000dac       0x4e out/UART_Driver.o
                0x0000000008000dac                USART::USART(USART_Registers_t*)
                0x0000000008000dac                USART::USART(USART_Registers_t*)
                0x0000000008000dfc                . = ALIGN (0x4)
 *fill*         0x0000000008000dfa        0x2 
                0x0000000008000dfc                _text_end = .

.glue_7         0x0000000008000dfc        0x0
 .glue_7        0x0000000008000dfc        0x0 linker stubs

.glue_7t        0x0000000008000dfc        0x0
 .glue_7t       0x0000000008000dfc        0x0 linker stubs

.vfp11_veneer   0x0000000008000dfc        0x0
 .vfp11_veneer  0x0000000008000dfc        0x0 linker stubs

.v4_bx          0x0000000008000dfc        0x0
 .v4_bx         0x0000000008000dfc        0x0 linker stubs

.iplt           0x0000000008000dfc        0x0
 .iplt          0x0000000008000dfc        0x0 out/GPIO_Driver.o

.rel.dyn        0x0000000008000dfc        0x0
 .rel.iplt      0x0000000008000dfc        0x0 out/GPIO_Driver.o

.data           0x0000000020000000       0x1c load address 0x0000000008000dfc
                0x0000000020000000                . = ALIGN (0x4)
                0x0000000020000000                _data_start = .
 *(.data*)
 .data          0x0000000020000000        0x0 out/Clock_Driver.o
 .data          0x0000000020000000        0x0 out/GPIO_Driver.o
 .data          0x0000000020000000        0x0 out/main.o
 .data          0x0000000020000000        0x0 out/m_memory.o
 .data          0x0000000020000000       0x1c out/NVIC_Drivers.o
                0x0000000020000000                NVIC::registers
 .data          0x000000002000001c        0x0 out/stm32_startup.o
 .data          0x000000002000001c        0x0 out/SysTick.o
 .data          0x000000002000001c        0x0 out/UART_Driver.o
                0x000000002000001c                _data_end = .
                0x000000002000001c                . = ALIGN (0x4)

.igot.plt       0x000000002000001c        0x0 load address 0x0000000008000e18
 .igot.plt      0x000000002000001c        0x0 out/GPIO_Driver.o

.rodata         0x0000000008000e18      0x1e0
                0x0000000008000e18                . = ALIGN (0x4)
 *(.rodata*)
 .rodata        0x0000000008000e18       0x3c out/Clock_Driver.o
                0x0000000008000e50                Clock::registers
 .rodata        0x0000000008000e54       0x38 out/GPIO_Driver.o
 .rodata        0x0000000008000e8c       0x8d out/main.o
 *fill*         0x0000000008000f19        0x3 
 .rodata        0x0000000008000f1c       0x26 out/NVIC_Drivers.o
 *fill*         0x0000000008000f42        0x2 
 .rodata        0x0000000008000f44       0xb0 out/UART_Driver.o
                0x0000000008000ff4                . = ALIGN (0x4)
                0x0000000008000ff4                _init_array_start = .
 *(SORT_BY_NAME(.init_array.*))
 *(.init_array)
 .init_array    0x0000000008000ff4        0x4 out/UART_Driver.o
                0x0000000008000ff8                _init_array_end = .
                0x0000000008000ff8                . = ALIGN (0x4)

.bss            0x000000002000001c      0x650
                0x000000002000001c                . = ALIGN (0x4)
                0x000000002000001c                _bss_start = .
 *(.bss*)
 .bss           0x000000002000001c        0x4 out/Clock_Driver.o
                0x000000002000001c                globalTime
 .bss           0x0000000020000020        0x0 out/GPIO_Driver.o
 .bss           0x0000000020000020        0x0 out/main.o
 .bss           0x0000000020000020        0x0 out/m_memory.o
 .bss           0x0000000020000020        0x0 out/NVIC_Drivers.o
 .bss           0x0000000020000020        0x4 out/stm32_startup.o
                0x0000000020000020                bss_size
 .bss           0x0000000020000024        0x0 out/SysTick.o
 .bss           0x0000000020000024      0x648 out/UART_Driver.o
                0x0000000020000024                USART2
                0x0000000020000038                USART1
                0x000000002000004c                USART6
                0x0000000020000060                USART::USART1_MessageStr
                0x0000000020000264                USART::USART2_MessageStr
                0x0000000020000468                USART::USART6_MessageStr
                0x000000002000066c                _bss_end = .
                0x000000002000066c                end = _bss_end
                0x000000002000066c                . = ALIGN (0x4)
OUTPUT(bin/bootloader.elf elf32-littlearm)
LOAD linker stubs

.debug_info     0x0000000000000000     0x3561
 .debug_info    0x0000000000000000      0x4e4 out/Clock_Driver.o
 .debug_info    0x00000000000004e4      0x8f0 out/GPIO_Driver.o
 .debug_info    0x0000000000000dd4      0x9d4 out/main.o
 .debug_info    0x00000000000017a8      0x104 out/m_memory.o
 .debug_info    0x00000000000018ac      0x48f out/NVIC_Drivers.o
 .debug_info    0x0000000000001d3b      0x204 out/stm32_startup.o
 .debug_info    0x0000000000001f3f     0x1622 out/UART_Driver.o

.debug_abbrev   0x0000000000000000      0xd70
 .debug_abbrev  0x0000000000000000      0x15d out/Clock_Driver.o
 .debug_abbrev  0x000000000000015d      0x23d out/GPIO_Driver.o
 .debug_abbrev  0x000000000000039a      0x279 out/main.o
 .debug_abbrev  0x0000000000000613       0xa6 out/m_memory.o
 .debug_abbrev  0x00000000000006b9      0x1af out/NVIC_Drivers.o
 .debug_abbrev  0x0000000000000868      0x101 out/stm32_startup.o
 .debug_abbrev  0x0000000000000969      0x407 out/UART_Driver.o

.debug_aranges  0x0000000000000000       0xf0
 .debug_aranges
                0x0000000000000000       0x20 out/Clock_Driver.o
 .debug_aranges
                0x0000000000000020       0x20 out/GPIO_Driver.o
 .debug_aranges
                0x0000000000000040       0x20 out/main.o
 .debug_aranges
                0x0000000000000060       0x20 out/m_memory.o
 .debug_aranges
                0x0000000000000080       0x20 out/NVIC_Drivers.o
 .debug_aranges
                0x00000000000000a0       0x20 out/stm32_startup.o
 .debug_aranges
                0x00000000000000c0       0x30 out/UART_Driver.o

.debug_line     0x0000000000000000     0x1295
 .debug_line    0x0000000000000000      0x12c out/Clock_Driver.o
 .debug_line    0x000000000000012c      0x362 out/GPIO_Driver.o
 .debug_line    0x000000000000048e      0x2e0 out/main.o
 .debug_line    0x000000000000076e      0x111 out/m_memory.o
 .debug_line    0x000000000000087f      0x1d5 out/NVIC_Drivers.o
 .debug_line    0x0000000000000a54      0x181 out/stm32_startup.o
 .debug_line    0x0000000000000bd5        0x0 out/SysTick.o
 .debug_line    0x0000000000000bd5      0x6c0 out/UART_Driver.o

.debug_str      0x0000000000000000     0x13a8
 .debug_str     0x0000000000000000      0x486 out/Clock_Driver.o
                                        0x50a (size before relaxing)
 .debug_str     0x0000000000000486      0x327 out/GPIO_Driver.o
                                        0x7d0 (size before relaxing)
 .debug_str     0x00000000000007ad      0x6ec out/main.o
                                        0xa5c (size before relaxing)
 .debug_str     0x0000000000000e99       0x37 out/m_memory.o
                                        0x183 (size before relaxing)
 .debug_str     0x0000000000000ed0       0xaa out/NVIC_Drivers.o
                                        0x567 (size before relaxing)
 .debug_str     0x0000000000000f7a       0xe9 out/stm32_startup.o
                                        0x23b (size before relaxing)
 .debug_str     0x0000000000001063       0x10 out/SysTick.o
                                         0xb2 (size before relaxing)
 .debug_str     0x0000000000001073      0x335 out/UART_Driver.o
                                       0x1323 (size before relaxing)

.comment        0x0000000000000000       0x49
 .comment       0x0000000000000000       0x49 out/Clock_Driver.o
                                         0x4a (size before relaxing)
 .comment       0x0000000000000049       0x4a out/GPIO_Driver.o
 .comment       0x0000000000000049       0x4a out/main.o
 .comment       0x0000000000000049       0x4a out/m_memory.o
 .comment       0x0000000000000049       0x4a out/NVIC_Drivers.o
 .comment       0x0000000000000049       0x4a out/stm32_startup.o
 .comment       0x0000000000000049       0x4a out/SysTick.o
 .comment       0x0000000000000049       0x4a out/UART_Driver.o

.ARM.attributes
                0x0000000000000000       0x2e
 .ARM.attributes
                0x0000000000000000       0x2e out/Clock_Driver.o
 .ARM.attributes
                0x000000000000002e       0x2e out/GPIO_Driver.o
 .ARM.attributes
                0x000000000000005c       0x2e out/main.o
 .ARM.attributes
                0x000000000000008a       0x2e out/m_memory.o
 .ARM.attributes
                0x00000000000000b8       0x2e out/NVIC_Drivers.o
 .ARM.attributes
                0x00000000000000e6       0x2e out/stm32_startup.o
 .ARM.attributes
                0x0000000000000114       0x2e out/SysTick.o
 .ARM.attributes
                0x0000000000000142       0x2e out/UART_Driver.o

.debug_frame    0x0000000000000000      0x4f4
 .debug_frame   0x0000000000000000       0x50 out/Clock_Driver.o
 .debug_frame   0x0000000000000050       0x5c out/GPIO_Driver.o
 .debug_frame   0x00000000000000ac       0x38 out/main.o
 .debug_frame   0x00000000000000e4       0x38 out/m_memory.o
 .debug_frame   0x000000000000011c      0x190 out/NVIC_Drivers.o
 .debug_frame   0x00000000000002ac       0x78 out/stm32_startup.o
 .debug_frame   0x0000000000000324      0x1d0 out/UART_Driver.o

.debug_ranges   0x0000000000000000       0x20
 .debug_ranges  0x0000000000000000       0x20 out/UART_Driver.o
