Archive member included to satisfy reference by file (symbol)

/opt/gcc-arm-none-eabi-10.3-2021.10/bin/../lib/gcc/arm-none-eabi/10.3.1/../../../../arm-none-eabi/lib/libc_nano.a(lib_a-strlen.o)
                              out/main.o (strlen)

Discarded input sections

 .group         0x0000000000000000        0x8 out/UART_Driver.o
 .group         0x0000000000000000        0x8 out/UART_Driver.o

Memory Configuration

Name             Origin             Length             Attributes
FLASH            0x0000000008000000 0x0000000000080000 xr
SRAM             0x0000000020000000 0x0000000000018000 xrw
*default*        0x0000000000000000 0xffffffffffffffff

Linker script and memory map

LOAD out/Clock_Driver.o
LOAD out/GPIO_Driver.o
LOAD out/main.o
LOAD out/NVIC_Drivers.o
LOAD out/stm32_startup.o
LOAD out/SysTick.o
LOAD out/UART_Driver.o
LOAD out/MCU_Utilities.o
LOAD out/m_memory.o
LOAD /opt/gcc-arm-none-eabi-10.3-2021.10/bin/../lib/gcc/arm-none-eabi/10.3.1/../../../../arm-none-eabi/lib/libstdc++_nano.a
LOAD /opt/gcc-arm-none-eabi-10.3-2021.10/bin/../lib/gcc/arm-none-eabi/10.3.1/../../../../arm-none-eabi/lib/libm.a
START GROUP
LOAD /opt/gcc-arm-none-eabi-10.3-2021.10/bin/../lib/gcc/arm-none-eabi/10.3.1/libgcc.a
LOAD /opt/gcc-arm-none-eabi-10.3-2021.10/bin/../lib/gcc/arm-none-eabi/10.3.1/../../../../arm-none-eabi/lib/libc_nano.a
END GROUP
START GROUP
LOAD /opt/gcc-arm-none-eabi-10.3-2021.10/bin/../lib/gcc/arm-none-eabi/10.3.1/libgcc.a
LOAD /opt/gcc-arm-none-eabi-10.3-2021.10/bin/../lib/gcc/arm-none-eabi/10.3.1/../../../../arm-none-eabi/lib/libc_nano.a
LOAD /opt/gcc-arm-none-eabi-10.3-2021.10/bin/../lib/gcc/arm-none-eabi/10.3.1/../../../../arm-none-eabi/lib/libnosys.a
END GROUP
START GROUP
LOAD /opt/gcc-arm-none-eabi-10.3-2021.10/bin/../lib/gcc/arm-none-eabi/10.3.1/libgcc.a
LOAD /opt/gcc-arm-none-eabi-10.3-2021.10/bin/../lib/gcc/arm-none-eabi/10.3.1/../../../../arm-none-eabi/lib/libc_nano.a
LOAD /opt/gcc-arm-none-eabi-10.3-2021.10/bin/../lib/gcc/arm-none-eabi/10.3.1/../../../../arm-none-eabi/lib/libnosys.a
END GROUP

.isr_vector     0x0000000008000000      0x194
                0x0000000008000000                . = ALIGN (0x4)
 *(.isr_vector)
 .isr_vector    0x0000000008000000      0x194 out/stm32_startup.o
                0x0000000008000000                vector_table
                0x0000000008000194                . = ALIGN (0x4)

.text           0x0000000008000194      0xf14
                0x0000000008000194                . = ALIGN (0x4)
 *(.text*)
 .text          0x0000000008000194       0x38 out/Clock_Driver.o
                0x0000000008000194                Clock::EnableClock_USART2()
                0x00000000080001b0                Clock::EnableClock_GPIOA()
 .text          0x00000000080001cc      0x120 out/GPIO_Driver.o
                0x00000000080001cc                GPIO::Config(GPIO_port_mode_t, GPIO_port_output_config_t, GPIO_port_speed_t, GPIO_port_pull_t, GPIO_port_alternatefunction_t)
                0x000000000800020e                GPIO::Init()
 .text          0x00000000080002ec       0xcc out/main.o
                0x00000000080002ec                SetGlobalTimer()
                0x000000000800030c                main
 .text          0x00000000080003b8      0x21c out/NVIC_Drivers.o
                0x00000000080003b8                NVIC::NVIC_EnableInterrupt(unsigned char)
                0x00000000080003f8                NVIC::NVIC_DisableInterrupt(unsigned char)
                0x000000000800043c                NVIC::NVIC_SetInterruptPending(unsigned char)
                0x0000000008000480                NVIC::NVIC_ClearInterruptPending(unsigned char)
                0x00000000080004c4                NVIC::NVIC_GetInterruptPendingStatus(unsigned char)
                0x0000000008000504                NVIC::NVIC_SetInterruptPriority(unsigned char, unsigned char)
                0x000000000800054c                NVIC::NVIC_GetInterruptPriority(unsigned char)
                0x0000000008000588                EnableAllInterrupts()
                0x000000000800059e                DisableAllInterrupts()
                0x00000000080005b4                SetBasePriority(unsigned long)
 .text          0x00000000080005d4       0xd8 out/stm32_startup.o
                0x00000000080005d4                init_ram()
                0x0000000008000658                call_ctors()
                0x0000000008000698                Reset_Handler()
 .text          0x00000000080006ac       0xc8 out/SysTick.o
                0x00000000080006ac                SysTick::SysTick_Enable()
                0x00000000080006c8                SysTick::SysTick_Disable()
                0x00000000080006e4                SysTick::SysTick_SetReloadValue(unsigned long)
                0x0000000008000704                SysTick::SysTick_SetTickSrc(SYSTICK_ClockSrc)
                0x000000000800073c                SysTick::SysTick_EnableInt()
                0x0000000008000758                SysTick::SysTick_DisableInt()
 .text          0x0000000008000774      0x854 out/UART_Driver.o
                0x0000000008000774                USART::Config(USART_word_length_t, USART_parity_t, unsigned long, USART_num_stop_bits_t, bool, void (*)())
                0x00000000080007cc                USART::ConfigBaudRate(unsigned long)
                0x00000000080008dc                USART::Init()
                0x0000000008000a44                USART::Print(char const*, unsigned long, unsigned long)
                0x0000000008000b70                USART::Read(unsigned char*, unsigned long, unsigned long)
                0x0000000008000c30                USART::PrintIT(char const*, unsigned long, unsigned long)
                0x0000000008000d4c                USART::ReadIT(unsigned char*, unsigned long, unsigned long)
                0x0000000008000e38                USART2_Interrupt()
 .text._ZN4GPIOC2EP16GPIO_registers_t10GPIO_pin_t
                0x0000000008000fc8       0x2c out/UART_Driver.o
                0x0000000008000fc8                GPIO::GPIO(GPIO_registers_t*, GPIO_pin_t)
                0x0000000008000fc8                GPIO::GPIO(GPIO_registers_t*, GPIO_pin_t)
 .text._ZN5USARTC2EP17USART_Registers_t
                0x0000000008000ff4       0x4e out/UART_Driver.o
                0x0000000008000ff4                USART::USART(USART_Registers_t*)
                0x0000000008000ff4                USART::USART(USART_Registers_t*)
 *fill*         0x0000000008001042        0x2 
 .text          0x0000000008001044       0x1c out/MCU_Utilities.o
                0x0000000008001044                Systick_Interrupt()
 .text          0x0000000008001060       0x3a out/m_memory.o
                0x0000000008001060                m_memcpy(void*, void const*, unsigned long)
 .text          0x000000000800109a        0xe /opt/gcc-arm-none-eabi-10.3-2021.10/bin/../lib/gcc/arm-none-eabi/10.3.1/../../../../arm-none-eabi/lib/libc_nano.a(lib_a-strlen.o)
                0x000000000800109a                strlen
                0x00000000080010a8                . = ALIGN (0x4)
                0x00000000080010a8                _text_end = .

.glue_7         0x00000000080010a8        0x0
 .glue_7        0x00000000080010a8        0x0 linker stubs

.glue_7t        0x00000000080010a8        0x0
 .glue_7t       0x00000000080010a8        0x0 linker stubs

.vfp11_veneer   0x00000000080010a8        0x0
 .vfp11_veneer  0x00000000080010a8        0x0 linker stubs

.v4_bx          0x00000000080010a8        0x0
 .v4_bx         0x00000000080010a8        0x0 linker stubs

.iplt           0x00000000080010a8        0x0
 .iplt          0x00000000080010a8        0x0 out/GPIO_Driver.o

.rel.dyn        0x00000000080010a8        0x0
 .rel.iplt      0x00000000080010a8        0x0 out/GPIO_Driver.o

.data           0x0000000020000000       0x1c load address 0x00000000080010a8
                0x0000000020000000                . = ALIGN (0x4)
                0x0000000020000000                _data_start = .
 *(.data*)
 .data          0x0000000020000000        0x0 out/Clock_Driver.o
 .data          0x0000000020000000        0x0 out/GPIO_Driver.o
 .data          0x0000000020000000        0x0 out/main.o
 .data          0x0000000020000000       0x1c out/NVIC_Drivers.o
                0x0000000020000000                NVIC::registers
 .data          0x000000002000001c        0x0 out/stm32_startup.o
 .data          0x000000002000001c        0x0 out/SysTick.o
 .data          0x000000002000001c        0x0 out/UART_Driver.o
 .data          0x000000002000001c        0x0 out/MCU_Utilities.o
 .data          0x000000002000001c        0x0 out/m_memory.o
 .data          0x000000002000001c        0x0 /opt/gcc-arm-none-eabi-10.3-2021.10/bin/../lib/gcc/arm-none-eabi/10.3.1/../../../../arm-none-eabi/lib/libc_nano.a(lib_a-strlen.o)
                0x000000002000001c                _data_end = .
                0x000000002000001c                . = ALIGN (0x4)

.igot.plt       0x000000002000001c        0x0 load address 0x00000000080010c4
 .igot.plt      0x000000002000001c        0x0 out/GPIO_Driver.o

.rodata         0x00000000080010c4      0x250
                0x00000000080010c4                . = ALIGN (0x4)
 *(.rodata*)
 .rodata        0x00000000080010c4       0x3c out/Clock_Driver.o
                0x00000000080010fc                Clock::registers
 .rodata        0x0000000008001100       0x38 out/GPIO_Driver.o
 .rodata        0x0000000008001138       0x7a out/main.o
 *fill*         0x00000000080011b2        0x2 
 .rodata        0x00000000080011b4       0x36 out/NVIC_Drivers.o
 *fill*         0x00000000080011ea        0x2 
 .rodata        0x00000000080011ec       0x34 out/SysTick.o
                0x000000000800121c                SysTick::registers
 .rodata        0x0000000008001220       0xc0 out/UART_Driver.o
 .rodata        0x00000000080012e0       0x30 out/MCU_Utilities.o
                0x0000000008001310                . = ALIGN (0x4)
                0x0000000008001310                _init_array_start = .
 *(SORT_BY_NAME(.init_array.*))
 *(.init_array)
 .init_array    0x0000000008001310        0x4 out/UART_Driver.o
                0x0000000008001314                _init_array_end = .
                0x0000000008001314                . = ALIGN (0x4)

.bss            0x000000002000001c      0x35c
                0x000000002000001c                . = ALIGN (0x4)
                0x000000002000001c                _bss_start = .
 *(.bss*)
 .bss           0x000000002000001c        0x0 out/Clock_Driver.o
 .bss           0x000000002000001c        0x0 out/GPIO_Driver.o
 .bss           0x000000002000001c        0x0 out/main.o
 .bss           0x000000002000001c        0x0 out/NVIC_Drivers.o
 .bss           0x000000002000001c        0x4 out/stm32_startup.o
                0x000000002000001c                bss_size
 .bss           0x0000000020000020        0x0 out/SysTick.o
 .bss           0x0000000020000020      0x354 out/UART_Driver.o
                0x0000000020000020                USART2
                0x0000000020000034                USART1
                0x0000000020000048                USART6
                0x000000002000005c                USART::USART1_MessageStr
                0x0000000020000164                USART::USART2_MessageStr
                0x000000002000026c                USART::USART6_MessageStr
 .bss           0x0000000020000374        0x4 out/MCU_Utilities.o
                0x0000000020000374                globalTime
 .bss           0x0000000020000378        0x0 out/m_memory.o
 .bss           0x0000000020000378        0x0 /opt/gcc-arm-none-eabi-10.3-2021.10/bin/../lib/gcc/arm-none-eabi/10.3.1/../../../../arm-none-eabi/lib/libc_nano.a(lib_a-strlen.o)
                0x0000000020000378                _bss_end = .
                0x0000000020000378                end = _bss_end
                0x0000000020000378                . = ALIGN (0x4)
OUTPUT(bin/bootloader.elf elf32-littlearm)
LOAD linker stubs

.debug_info     0x0000000000000000     0x3c65
 .debug_info    0x0000000000000000      0x4cd out/Clock_Driver.o
 .debug_info    0x00000000000004cd      0x8f0 out/GPIO_Driver.o
 .debug_info    0x0000000000000dbd      0xb60 out/main.o
 .debug_info    0x000000000000191d      0x4d7 out/NVIC_Drivers.o
 .debug_info    0x0000000000001df4      0x204 out/stm32_startup.o
 .debug_info    0x0000000000001ff8      0x364 out/SysTick.o
 .debug_info    0x000000000000235c     0x166f out/UART_Driver.o
 .debug_info    0x00000000000039cb      0x196 out/MCU_Utilities.o
 .debug_info    0x0000000000003b61      0x104 out/m_memory.o

.debug_abbrev   0x0000000000000000      0xfab
 .debug_abbrev  0x0000000000000000      0x14a out/Clock_Driver.o
 .debug_abbrev  0x000000000000014a      0x23d out/GPIO_Driver.o
 .debug_abbrev  0x0000000000000387      0x29d out/main.o
 .debug_abbrev  0x0000000000000624      0x1af out/NVIC_Drivers.o
 .debug_abbrev  0x00000000000007d3      0x101 out/stm32_startup.o
 .debug_abbrev  0x00000000000008d4      0x17e out/SysTick.o
 .debug_abbrev  0x0000000000000a52      0x41f out/UART_Driver.o
 .debug_abbrev  0x0000000000000e71       0x94 out/MCU_Utilities.o
 .debug_abbrev  0x0000000000000f05       0xa6 out/m_memory.o

.debug_aranges  0x0000000000000000      0x130
 .debug_aranges
                0x0000000000000000       0x20 out/Clock_Driver.o
 .debug_aranges
                0x0000000000000020       0x20 out/GPIO_Driver.o
 .debug_aranges
                0x0000000000000040       0x20 out/main.o
 .debug_aranges
                0x0000000000000060       0x20 out/NVIC_Drivers.o
 .debug_aranges
                0x0000000000000080       0x20 out/stm32_startup.o
 .debug_aranges
                0x00000000000000a0       0x20 out/SysTick.o
 .debug_aranges
                0x00000000000000c0       0x30 out/UART_Driver.o
 .debug_aranges
                0x00000000000000f0       0x20 out/MCU_Utilities.o
 .debug_aranges
                0x0000000000000110       0x20 out/m_memory.o

.debug_line     0x0000000000000000     0x16b9
 .debug_line    0x0000000000000000      0x12e out/Clock_Driver.o
 .debug_line    0x000000000000012e      0x364 out/GPIO_Driver.o
 .debug_line    0x0000000000000492      0x32d out/main.o
 .debug_line    0x00000000000007bf      0x1d7 out/NVIC_Drivers.o
 .debug_line    0x0000000000000996      0x183 out/stm32_startup.o
 .debug_line    0x0000000000000b19      0x176 out/SysTick.o
 .debug_line    0x0000000000000c8f      0x7e2 out/UART_Driver.o
 .debug_line    0x0000000000001471      0x12d out/MCU_Utilities.o
 .debug_line    0x000000000000159e      0x11b out/m_memory.o

.debug_str      0x0000000000000000     0x167f
 .debug_str     0x0000000000000000      0x47d out/Clock_Driver.o
                                        0x501 (size before relaxing)
 .debug_str     0x000000000000047d      0x329 out/GPIO_Driver.o
                                        0x7d2 (size before relaxing)
 .debug_str     0x00000000000007a6      0x917 out/main.o
                                        0xca1 (size before relaxing)
 .debug_str     0x00000000000010bd       0xac out/NVIC_Drivers.o
                                        0x5ab (size before relaxing)
 .debug_str     0x0000000000001169       0xf1 out/stm32_startup.o
                                        0x23d (size before relaxing)
 .debug_str     0x000000000000125a       0x6a out/SysTick.o
                                        0x47c (size before relaxing)
 .debug_str     0x00000000000012c4      0x337 out/UART_Driver.o
                                       0x1355 (size before relaxing)
 .debug_str     0x00000000000015fb       0x49 out/MCU_Utilities.o
                                        0x261 (size before relaxing)
 .debug_str     0x0000000000001644       0x3b out/m_memory.o
                                        0x18d (size before relaxing)

.comment        0x0000000000000000       0x49
 .comment       0x0000000000000000       0x49 out/Clock_Driver.o
                                         0x4a (size before relaxing)
 .comment       0x0000000000000049       0x4a out/GPIO_Driver.o
 .comment       0x0000000000000049       0x4a out/main.o
 .comment       0x0000000000000049       0x4a out/NVIC_Drivers.o
 .comment       0x0000000000000049       0x4a out/stm32_startup.o
 .comment       0x0000000000000049       0x4a out/SysTick.o
 .comment       0x0000000000000049       0x4a out/UART_Driver.o
 .comment       0x0000000000000049       0x4a out/MCU_Utilities.o
 .comment       0x0000000000000049       0x4a out/m_memory.o

.ARM.attributes
                0x0000000000000000       0x2c
 .ARM.attributes
                0x0000000000000000       0x2e out/Clock_Driver.o
 .ARM.attributes
                0x000000000000002e       0x2e out/GPIO_Driver.o
 .ARM.attributes
                0x000000000000005c       0x2e out/main.o
 .ARM.attributes
                0x000000000000008a       0x2e out/NVIC_Drivers.o
 .ARM.attributes
                0x00000000000000b8       0x2e out/stm32_startup.o
 .ARM.attributes
                0x00000000000000e6       0x2e out/SysTick.o
 .ARM.attributes
                0x0000000000000114       0x2e out/UART_Driver.o
 .ARM.attributes
                0x0000000000000142       0x2e out/MCU_Utilities.o
 .ARM.attributes
                0x0000000000000170       0x2e out/m_memory.o
 .ARM.attributes
                0x000000000000019e       0x1c /opt/gcc-arm-none-eabi-10.3-2021.10/bin/../lib/gcc/arm-none-eabi/10.3.1/../../../../arm-none-eabi/lib/libc_nano.a(lib_a-strlen.o)

.debug_frame    0x0000000000000000      0x614
 .debug_frame   0x0000000000000000       0x50 out/Clock_Driver.o
 .debug_frame   0x0000000000000050       0x5c out/GPIO_Driver.o
 .debug_frame   0x00000000000000ac       0x4c out/main.o
 .debug_frame   0x00000000000000f8      0x190 out/NVIC_Drivers.o
 .debug_frame   0x0000000000000288       0x78 out/stm32_startup.o
 .debug_frame   0x0000000000000300       0xe0 out/SysTick.o
 .debug_frame   0x00000000000003e0      0x1cc out/UART_Driver.o
 .debug_frame   0x00000000000005ac       0x30 out/MCU_Utilities.o
 .debug_frame   0x00000000000005dc       0x38 out/m_memory.o

.debug_ranges   0x0000000000000000       0x20
 .debug_ranges  0x0000000000000000       0x20 out/UART_Driver.o
