Archive member included to satisfy reference by file (symbol)

/opt/gcc-arm-none-eabi-10.3-2021.10/bin/../lib/gcc/arm-none-eabi/10.3.1/../../../../arm-none-eabi/lib/libc_nano.a(lib_a-strlen.o)
                              build/obj/Commands.o (strlen)

Discarded input sections

 .group         0x0000000000000000        0xc build/obj/Commands.o
 .group         0x0000000000000000        0xc build/obj/Commands.o
 .group         0x0000000000000000        0xc build/obj/Commands.o
 .group         0x0000000000000000        0xc build/obj/Commands.o
 .group         0x0000000000000000        0xc build/obj/Commands.o
 .group         0x0000000000000000        0xc build/obj/Commands.o
 .group         0x0000000000000000        0xc build/obj/Commands.o
 .group         0x0000000000000000        0xc build/obj/Commands.o
 .group         0x0000000000000000        0xc build/obj/Commands.o
 .group         0x0000000000000000        0xc build/obj/Commands.o
 .group         0x0000000000000000        0xc build/obj/Commands.o
 .group         0x0000000000000000        0xc build/obj/Commands.o
 .group         0x0000000000000000        0xc build/obj/Commands.o
 .group         0x0000000000000000        0xc build/obj/Commands.o
 .group         0x0000000000000000        0xc build/obj/Commands.o
 .group         0x0000000000000000        0xc build/obj/Commands.o
 .group         0x0000000000000000        0xc build/obj/Commands.o
 .group         0x0000000000000000        0xc build/obj/Commands.o
 .group         0x0000000000000000        0xc build/obj/Commands.o
 .group         0x0000000000000000        0xc build/obj/Commands.o
 .group         0x0000000000000000        0xc build/obj/Commands.o
 .group         0x0000000000000000        0xc build/obj/Commands.o
 .group         0x0000000000000000        0xc build/obj/Commands.o
 .group         0x0000000000000000        0xc build/obj/Commands.o
 .group         0x0000000000000000        0xc build/obj/Commands.o
 .group         0x0000000000000000        0xc build/obj/Commands.o
 .group         0x0000000000000000        0xc build/obj/Commands.o
 .group         0x0000000000000000        0xc build/obj/Commands.o
 .group         0x0000000000000000        0xc build/obj/Commands.o
 .group         0x0000000000000000        0xc build/obj/Commands.o
 .group         0x0000000000000000        0xc build/obj/Commands.o
 .group         0x0000000000000000        0xc build/obj/Commands.o
 .group         0x0000000000000000        0xc build/obj/Commands.o
 .group         0x0000000000000000        0xc build/obj/Commands.o
 .group         0x0000000000000000        0xc build/obj/Commands.o
 .group         0x0000000000000000        0xc build/obj/Commands.o
 .group         0x0000000000000000        0xc build/obj/Commands.o
 .group         0x0000000000000000        0xc build/obj/Commands.o
 .group         0x0000000000000000        0xc build/obj/Commands.o
 .group         0x0000000000000000        0xc build/obj/Commands.o
 .group         0x0000000000000000        0xc build/obj/Commands.o
 .group         0x0000000000000000        0xc build/obj/Commands.o
 .group         0x0000000000000000        0xc build/obj/Commands.o
 .group         0x0000000000000000        0xc build/obj/Commands.o
 .group         0x0000000000000000        0xc build/obj/Commands.o
 .group         0x0000000000000000        0xc build/obj/ControlStructure.o
 .group         0x0000000000000000        0xc build/obj/ControlStructure.o
 .group         0x0000000000000000        0xc build/obj/ControlStructure.o
 .group         0x0000000000000000        0xc build/obj/ControlStructure.o
 .group         0x0000000000000000        0xc build/obj/ControlStructure.o
 .group         0x0000000000000000        0xc build/obj/ControlStructure.o
 .group         0x0000000000000000        0xc build/obj/ControlStructure.o
 .group         0x0000000000000000        0xc build/obj/ControlStructure.o
 .group         0x0000000000000000        0xc build/obj/ControlStructure.o
 .group         0x0000000000000000        0xc build/obj/ControlStructure.o
 .group         0x0000000000000000        0xc build/obj/ControlStructure.o
 .group         0x0000000000000000        0xc build/obj/ControlStructure.o
 .group         0x0000000000000000        0xc build/obj/ControlStructure.o
 .group         0x0000000000000000        0xc build/obj/ControlStructure.o
 .group         0x0000000000000000        0xc build/obj/ControlStructure.o
 .group         0x0000000000000000        0xc build/obj/ControlStructure.o
 .group         0x0000000000000000        0xc build/obj/ControlStructure.o
 .group         0x0000000000000000        0xc build/obj/ControlStructure.o
 .group         0x0000000000000000        0xc build/obj/ControlStructure.o
 .group         0x0000000000000000        0xc build/obj/ControlStructure.o
 .group         0x0000000000000000        0xc build/obj/ControlStructure.o
 .group         0x0000000000000000        0xc build/obj/ControlStructure.o
 .group         0x0000000000000000        0xc build/obj/ControlStructure.o
 .group         0x0000000000000000        0xc build/obj/ControlStructure.o
 .group         0x0000000000000000        0xc build/obj/ControlStructure.o
 .group         0x0000000000000000        0xc build/obj/ControlStructure.o
 .group         0x0000000000000000        0xc build/obj/ControlStructure.o
 .group         0x0000000000000000        0xc build/obj/ControlStructure.o
 .group         0x0000000000000000        0xc build/obj/ControlStructure.o
 .group         0x0000000000000000        0xc build/obj/ControlStructure.o
 .group         0x0000000000000000        0xc build/obj/ControlStructure.o
 .debug_macro   0x0000000000000000      0xb32 build/obj/ControlStructure.o
 .debug_macro   0x0000000000000000       0x1c build/obj/ControlStructure.o
 .debug_macro   0x0000000000000000       0x22 build/obj/ControlStructure.o
 .debug_macro   0x0000000000000000      0x103 build/obj/ControlStructure.o
 .debug_macro   0x0000000000000000       0x6a build/obj/ControlStructure.o
 .debug_macro   0x0000000000000000      0x1df build/obj/ControlStructure.o
 .debug_macro   0x0000000000000000       0x16 build/obj/ControlStructure.o
 .debug_macro   0x0000000000000000       0x16 build/obj/ControlStructure.o
 .debug_macro   0x0000000000000000      0x18a build/obj/ControlStructure.o
 .debug_macro   0x0000000000000000       0x10 build/obj/ControlStructure.o
 .debug_macro   0x0000000000000000      0x3d1 build/obj/ControlStructure.o
 .debug_macro   0x0000000000000000       0x18 build/obj/ControlStructure.o
 .debug_macro   0x0000000000000000       0x35 build/obj/ControlStructure.o
 .debug_macro   0x0000000000000000       0x34 build/obj/ControlStructure.o
 .debug_macro   0x0000000000000000      0x17b build/obj/ControlStructure.o
 .debug_macro   0x0000000000000000       0x16 build/obj/ControlStructure.o
 .debug_macro   0x0000000000000000       0x43 build/obj/ControlStructure.o
 .debug_macro   0x0000000000000000       0x34 build/obj/ControlStructure.o
 .debug_macro   0x0000000000000000       0x10 build/obj/ControlStructure.o
 .debug_macro   0x0000000000000000       0x58 build/obj/ControlStructure.o
 .debug_macro   0x0000000000000000      0x182 build/obj/ControlStructure.o
 .debug_macro   0x0000000000000000      0x364 build/obj/ControlStructure.o
 .debug_macro   0x0000000000000000       0x10 build/obj/ControlStructure.o
 .debug_macro   0x0000000000000000       0x35 build/obj/ControlStructure.o
 .debug_macro   0x0000000000000000       0x8e build/obj/ControlStructure.o
 .debug_macro   0x0000000000000000       0x2e build/obj/ControlStructure.o
 .debug_macro   0x0000000000000000       0x22 build/obj/ControlStructure.o
 .debug_macro   0x0000000000000000       0x6a build/obj/ControlStructure.o
 .group         0x0000000000000000        0x8 build/obj/main.o
 .group         0x0000000000000000        0xc build/obj/main.o
 .group         0x0000000000000000        0xc build/obj/main.o
 .group         0x0000000000000000        0xc build/obj/main.o
 .group         0x0000000000000000        0xc build/obj/main.o
 .group         0x0000000000000000        0xc build/obj/main.o
 .group         0x0000000000000000        0xc build/obj/main.o
 .group         0x0000000000000000        0xc build/obj/main.o
 .group         0x0000000000000000        0xc build/obj/main.o
 .group         0x0000000000000000        0xc build/obj/main.o
 .group         0x0000000000000000        0xc build/obj/main.o
 .group         0x0000000000000000        0xc build/obj/main.o
 .group         0x0000000000000000        0xc build/obj/main.o
 .group         0x0000000000000000        0xc build/obj/main.o
 .group         0x0000000000000000        0xc build/obj/main.o
 .group         0x0000000000000000        0xc build/obj/main.o
 .group         0x0000000000000000        0xc build/obj/main.o
 .group         0x0000000000000000        0xc build/obj/main.o
 .group         0x0000000000000000        0xc build/obj/main.o
 .group         0x0000000000000000        0xc build/obj/main.o
 .group         0x0000000000000000        0xc build/obj/main.o
 .group         0x0000000000000000        0xc build/obj/main.o
 .group         0x0000000000000000        0xc build/obj/main.o
 .group         0x0000000000000000        0xc build/obj/main.o
 .group         0x0000000000000000        0xc build/obj/main.o
 .group         0x0000000000000000        0xc build/obj/main.o
 .group         0x0000000000000000        0xc build/obj/main.o
 .group         0x0000000000000000        0xc build/obj/main.o
 .group         0x0000000000000000        0xc build/obj/main.o
 .group         0x0000000000000000        0xc build/obj/main.o
 .group         0x0000000000000000        0xc build/obj/main.o
 .group         0x0000000000000000        0xc build/obj/main.o
 .group         0x0000000000000000        0xc build/obj/main.o
 .group         0x0000000000000000        0xc build/obj/main.o
 .group         0x0000000000000000        0xc build/obj/main.o
 .group         0x0000000000000000        0xc build/obj/main.o
 .group         0x0000000000000000        0xc build/obj/main.o
 .group         0x0000000000000000        0xc build/obj/main.o
 .group         0x0000000000000000        0xc build/obj/main.o
 .group         0x0000000000000000        0xc build/obj/main.o
 .group         0x0000000000000000        0xc build/obj/main.o
 .group         0x0000000000000000        0xc build/obj/main.o
 .group         0x0000000000000000        0xc build/obj/main.o
 .group         0x0000000000000000        0xc build/obj/main.o
 .group         0x0000000000000000        0xc build/obj/main.o
 .group         0x0000000000000000        0xc build/obj/main.o
 .group         0x0000000000000000        0xc build/obj/main.o
 .debug_macro   0x0000000000000000      0xb32 build/obj/main.o
 .debug_macro   0x0000000000000000       0x22 build/obj/main.o
 .debug_macro   0x0000000000000000       0x5e build/obj/main.o
 .debug_macro   0x0000000000000000       0x18 build/obj/main.o
 .debug_macro   0x0000000000000000       0x94 build/obj/main.o
 .debug_macro   0x0000000000000000       0x35 build/obj/main.o
 .debug_macro   0x0000000000000000       0x34 build/obj/main.o
 .debug_macro   0x0000000000000000       0x57 build/obj/main.o
 .debug_macro   0x0000000000000000      0x364 build/obj/main.o
 .debug_macro   0x0000000000000000       0x10 build/obj/main.o
 .debug_macro   0x0000000000000000       0x16 build/obj/main.o
 .debug_macro   0x0000000000000000       0x43 build/obj/main.o
 .debug_macro   0x0000000000000000       0x34 build/obj/main.o
 .debug_macro   0x0000000000000000       0x10 build/obj/main.o
 .debug_macro   0x0000000000000000       0x58 build/obj/main.o
 .debug_macro   0x0000000000000000      0x182 build/obj/main.o
 .debug_macro   0x0000000000000000       0x10 build/obj/main.o
 .debug_macro   0x0000000000000000       0x6a build/obj/main.o
 .debug_macro   0x0000000000000000       0x1c build/obj/main.o
 .debug_macro   0x0000000000000000       0x52 build/obj/main.o
 .debug_macro   0x0000000000000000       0x22 build/obj/main.o
 .debug_macro   0x0000000000000000       0x10 build/obj/main.o
 .debug_macro   0x0000000000000000       0x52 build/obj/main.o
 .debug_macro   0x0000000000000000       0xd5 build/obj/main.o
 .debug_macro   0x0000000000000000       0x1c build/obj/main.o
 .debug_macro   0x0000000000000000       0x3d build/obj/main.o
 .debug_macro   0x0000000000000000       0x16 build/obj/main.o
 .debug_macro   0x0000000000000000      0x137 build/obj/main.o
 .debug_macro   0x0000000000000000      0x18a build/obj/main.o
 .debug_macro   0x0000000000000000       0x10 build/obj/main.o
 .debug_macro   0x0000000000000000      0x3d1 build/obj/main.o
 .debug_macro   0x0000000000000000       0x35 build/obj/main.o
 .debug_macro   0x0000000000000000       0x8e build/obj/main.o
 .debug_macro   0x0000000000000000       0x1c build/obj/main.o
 .debug_macro   0x0000000000000000      0x103 build/obj/main.o
 .debug_macro   0x0000000000000000      0x1df build/obj/main.o
 .debug_macro   0x0000000000000000       0x16 build/obj/main.o
 .debug_macro   0x0000000000000000       0x16 build/obj/main.o
 .debug_macro   0x0000000000000000       0x2e build/obj/main.o
 .debug_macro   0x0000000000000000       0x22 build/obj/main.o
 .debug_macro   0x0000000000000000       0x10 build/obj/main.o
 .group         0x0000000000000000        0xc build/obj/stm32_startup.o
 .group         0x0000000000000000        0xc build/obj/stm32_startup.o
 .group         0x0000000000000000        0xc build/obj/stm32_startup.o
 .group         0x0000000000000000        0xc build/obj/stm32_startup.o
 .group         0x0000000000000000        0xc build/obj/stm32_startup.o
 .group         0x0000000000000000        0xc build/obj/stm32_startup.o
 .group         0x0000000000000000        0xc build/obj/stm32_startup.o
 .group         0x0000000000000000        0xc build/obj/stm32_startup.o
 .debug_macro   0x0000000000000000      0xb32 build/obj/stm32_startup.o
 .debug_macro   0x0000000000000000       0x1c build/obj/stm32_startup.o
 .debug_macro   0x0000000000000000       0x22 build/obj/stm32_startup.o
 .debug_macro   0x0000000000000000       0x8e build/obj/stm32_startup.o
 .debug_macro   0x0000000000000000       0x51 build/obj/stm32_startup.o
 .debug_macro   0x0000000000000000      0x103 build/obj/stm32_startup.o
 .debug_macro   0x0000000000000000       0x6a build/obj/stm32_startup.o
 .debug_macro   0x0000000000000000      0x1df build/obj/stm32_startup.o
 .group         0x0000000000000000        0x8 build/obj/BootUtility.o
 .group         0x0000000000000000        0x8 build/obj/BootUtility.o
 .group         0x0000000000000000        0xc build/obj/BootUtility.o
 .group         0x0000000000000000        0xc build/obj/BootUtility.o
 .group         0x0000000000000000        0xc build/obj/BootUtility.o
 .group         0x0000000000000000        0xc build/obj/BootUtility.o
 .group         0x0000000000000000        0xc build/obj/BootUtility.o
 .group         0x0000000000000000        0xc build/obj/BootUtility.o
 .group         0x0000000000000000        0xc build/obj/BootUtility.o
 .group         0x0000000000000000        0xc build/obj/BootUtility.o
 .group         0x0000000000000000        0xc build/obj/BootUtility.o
 .debug_macro   0x0000000000000000      0xb32 build/obj/BootUtility.o
 .debug_macro   0x0000000000000000       0x1c build/obj/BootUtility.o
 .debug_macro   0x0000000000000000       0x22 build/obj/BootUtility.o
 .debug_macro   0x0000000000000000       0x8e build/obj/BootUtility.o
 .debug_macro   0x0000000000000000       0x51 build/obj/BootUtility.o
 .debug_macro   0x0000000000000000      0x103 build/obj/BootUtility.o
 .debug_macro   0x0000000000000000       0x6a build/obj/BootUtility.o
 .debug_macro   0x0000000000000000      0x1df build/obj/BootUtility.o
 .debug_macro   0x0000000000000000       0x16 build/obj/BootUtility.o
 .group         0x0000000000000000        0xc build/obj/MCU_Utilities.o
 .group         0x0000000000000000        0xc build/obj/MCU_Utilities.o
 .group         0x0000000000000000        0xc build/obj/MCU_Utilities.o
 .group         0x0000000000000000        0xc build/obj/MCU_Utilities.o
 .group         0x0000000000000000        0xc build/obj/MCU_Utilities.o
 .group         0x0000000000000000        0xc build/obj/MCU_Utilities.o
 .group         0x0000000000000000        0xc build/obj/MCU_Utilities.o
 .group         0x0000000000000000        0xc build/obj/MCU_Utilities.o
 .group         0x0000000000000000        0xc build/obj/MCU_Utilities.o
 .debug_macro   0x0000000000000000      0xb32 build/obj/MCU_Utilities.o
 .debug_macro   0x0000000000000000       0x1c build/obj/MCU_Utilities.o
 .debug_macro   0x0000000000000000       0x22 build/obj/MCU_Utilities.o
 .debug_macro   0x0000000000000000       0x8e build/obj/MCU_Utilities.o
 .debug_macro   0x0000000000000000       0x51 build/obj/MCU_Utilities.o
 .debug_macro   0x0000000000000000      0x103 build/obj/MCU_Utilities.o
 .debug_macro   0x0000000000000000       0x6a build/obj/MCU_Utilities.o
 .debug_macro   0x0000000000000000      0x1df build/obj/MCU_Utilities.o
 .debug_macro   0x0000000000000000       0x16 build/obj/MCU_Utilities.o
 .group         0x0000000000000000        0xc build/obj/m_memory.o
 .group         0x0000000000000000        0xc build/obj/m_memory.o
 .group         0x0000000000000000        0xc build/obj/m_memory.o
 .group         0x0000000000000000        0xc build/obj/m_memory.o
 .group         0x0000000000000000        0xc build/obj/m_memory.o
 .group         0x0000000000000000        0xc build/obj/m_memory.o
 .group         0x0000000000000000        0xc build/obj/m_memory.o
 .group         0x0000000000000000        0xc build/obj/m_memory.o
 .group         0x0000000000000000        0xc build/obj/m_memory.o
 .debug_macro   0x0000000000000000      0xb32 build/obj/m_memory.o
 .debug_macro   0x0000000000000000       0x1c build/obj/m_memory.o
 .debug_macro   0x0000000000000000       0x22 build/obj/m_memory.o
 .debug_macro   0x0000000000000000       0x8e build/obj/m_memory.o
 .debug_macro   0x0000000000000000       0x51 build/obj/m_memory.o
 .debug_macro   0x0000000000000000      0x103 build/obj/m_memory.o
 .debug_macro   0x0000000000000000       0x6a build/obj/m_memory.o
 .debug_macro   0x0000000000000000      0x1df build/obj/m_memory.o
 .debug_macro   0x0000000000000000       0x16 build/obj/m_memory.o
 .group         0x0000000000000000        0xc build/obj/Clock_Driver.o
 .group         0x0000000000000000        0xc build/obj/Clock_Driver.o
 .group         0x0000000000000000        0xc build/obj/Clock_Driver.o
 .group         0x0000000000000000        0xc build/obj/Clock_Driver.o
 .group         0x0000000000000000        0xc build/obj/Clock_Driver.o
 .group         0x0000000000000000        0xc build/obj/Clock_Driver.o
 .group         0x0000000000000000        0xc build/obj/Clock_Driver.o
 .group         0x0000000000000000        0xc build/obj/Clock_Driver.o
 .debug_macro   0x0000000000000000      0xb32 build/obj/Clock_Driver.o
 .debug_macro   0x0000000000000000       0x1c build/obj/Clock_Driver.o
 .debug_macro   0x0000000000000000       0x22 build/obj/Clock_Driver.o
 .debug_macro   0x0000000000000000       0x8e build/obj/Clock_Driver.o
 .debug_macro   0x0000000000000000       0x51 build/obj/Clock_Driver.o
 .debug_macro   0x0000000000000000      0x103 build/obj/Clock_Driver.o
 .debug_macro   0x0000000000000000       0x6a build/obj/Clock_Driver.o
 .debug_macro   0x0000000000000000      0x1df build/obj/Clock_Driver.o
 .group         0x0000000000000000        0xc build/obj/CRC_Driver.o
 .group         0x0000000000000000        0xc build/obj/CRC_Driver.o
 .group         0x0000000000000000        0xc build/obj/CRC_Driver.o
 .group         0x0000000000000000        0xc build/obj/CRC_Driver.o
 .group         0x0000000000000000        0xc build/obj/CRC_Driver.o
 .group         0x0000000000000000        0xc build/obj/CRC_Driver.o
 .group         0x0000000000000000        0xc build/obj/CRC_Driver.o
 .group         0x0000000000000000        0xc build/obj/CRC_Driver.o
 .group         0x0000000000000000        0xc build/obj/CRC_Driver.o
 .debug_macro   0x0000000000000000      0xb32 build/obj/CRC_Driver.o
 .debug_macro   0x0000000000000000       0x1c build/obj/CRC_Driver.o
 .debug_macro   0x0000000000000000       0x22 build/obj/CRC_Driver.o
 .debug_macro   0x0000000000000000       0x8e build/obj/CRC_Driver.o
 .debug_macro   0x0000000000000000       0x51 build/obj/CRC_Driver.o
 .debug_macro   0x0000000000000000      0x103 build/obj/CRC_Driver.o
 .debug_macro   0x0000000000000000       0x6a build/obj/CRC_Driver.o
 .debug_macro   0x0000000000000000      0x1df build/obj/CRC_Driver.o
 .debug_macro   0x0000000000000000       0x16 build/obj/CRC_Driver.o
 .group         0x0000000000000000        0xc build/obj/Flash_Driver.o
 .group         0x0000000000000000        0xc build/obj/Flash_Driver.o
 .group         0x0000000000000000        0xc build/obj/Flash_Driver.o
 .group         0x0000000000000000        0xc build/obj/Flash_Driver.o
 .group         0x0000000000000000        0xc build/obj/Flash_Driver.o
 .group         0x0000000000000000        0xc build/obj/Flash_Driver.o
 .group         0x0000000000000000        0xc build/obj/Flash_Driver.o
 .group         0x0000000000000000        0xc build/obj/Flash_Driver.o
 .group         0x0000000000000000        0xc build/obj/Flash_Driver.o
 .group         0x0000000000000000        0xc build/obj/Flash_Driver.o
 .group         0x0000000000000000        0xc build/obj/Flash_Driver.o
 .group         0x0000000000000000        0xc build/obj/Flash_Driver.o
 .group         0x0000000000000000        0xc build/obj/Flash_Driver.o
 .group         0x0000000000000000        0xc build/obj/Flash_Driver.o
 .group         0x0000000000000000        0xc build/obj/Flash_Driver.o
 .group         0x0000000000000000        0xc build/obj/Flash_Driver.o
 .group         0x0000000000000000        0xc build/obj/Flash_Driver.o
 .group         0x0000000000000000        0xc build/obj/Flash_Driver.o
 .group         0x0000000000000000        0xc build/obj/Flash_Driver.o
 .group         0x0000000000000000        0xc build/obj/Flash_Driver.o
 .group         0x0000000000000000        0xc build/obj/Flash_Driver.o
 .group         0x0000000000000000        0xc build/obj/Flash_Driver.o
 .group         0x0000000000000000        0xc build/obj/Flash_Driver.o
 .group         0x0000000000000000        0xc build/obj/Flash_Driver.o
 .group         0x0000000000000000        0xc build/obj/Flash_Driver.o
 .group         0x0000000000000000        0xc build/obj/Flash_Driver.o
 .group         0x0000000000000000        0xc build/obj/Flash_Driver.o
 .group         0x0000000000000000        0xc build/obj/Flash_Driver.o
 .group         0x0000000000000000        0xc build/obj/Flash_Driver.o
 .group         0x0000000000000000        0xc build/obj/Flash_Driver.o
 .group         0x0000000000000000        0xc build/obj/Flash_Driver.o
 .group         0x0000000000000000        0xc build/obj/Flash_Driver.o
 .group         0x0000000000000000        0xc build/obj/Flash_Driver.o
 .group         0x0000000000000000        0xc build/obj/Flash_Driver.o
 .group         0x0000000000000000        0xc build/obj/Flash_Driver.o
 .group         0x0000000000000000        0xc build/obj/Flash_Driver.o
 .debug_macro   0x0000000000000000      0xb32 build/obj/Flash_Driver.o
 .debug_macro   0x0000000000000000       0x22 build/obj/Flash_Driver.o
 .debug_macro   0x0000000000000000       0x5e build/obj/Flash_Driver.o
 .debug_macro   0x0000000000000000       0x18 build/obj/Flash_Driver.o
 .debug_macro   0x0000000000000000       0x94 build/obj/Flash_Driver.o
 .debug_macro   0x0000000000000000       0x35 build/obj/Flash_Driver.o
 .debug_macro   0x0000000000000000       0x34 build/obj/Flash_Driver.o
 .debug_macro   0x0000000000000000       0x16 build/obj/Flash_Driver.o
 .debug_macro   0x0000000000000000       0x57 build/obj/Flash_Driver.o
 .debug_macro   0x0000000000000000       0x97 build/obj/Flash_Driver.o
 .debug_macro   0x0000000000000000      0x364 build/obj/Flash_Driver.o
 .debug_macro   0x0000000000000000      0x104 build/obj/Flash_Driver.o
 .debug_macro   0x0000000000000000       0x10 build/obj/Flash_Driver.o
 .debug_macro   0x0000000000000000       0x16 build/obj/Flash_Driver.o
 .debug_macro   0x0000000000000000       0x43 build/obj/Flash_Driver.o
 .debug_macro   0x0000000000000000       0x34 build/obj/Flash_Driver.o
 .debug_macro   0x0000000000000000       0x10 build/obj/Flash_Driver.o
 .debug_macro   0x0000000000000000       0x58 build/obj/Flash_Driver.o
 .debug_macro   0x0000000000000000      0x182 build/obj/Flash_Driver.o
 .debug_macro   0x0000000000000000       0x10 build/obj/Flash_Driver.o
 .debug_macro   0x0000000000000000       0x6a build/obj/Flash_Driver.o
 .debug_macro   0x0000000000000000       0x1c build/obj/Flash_Driver.o
 .debug_macro   0x0000000000000000       0x52 build/obj/Flash_Driver.o
 .debug_macro   0x0000000000000000       0x22 build/obj/Flash_Driver.o
 .debug_macro   0x0000000000000000       0x10 build/obj/Flash_Driver.o
 .debug_macro   0x0000000000000000       0x52 build/obj/Flash_Driver.o
 .debug_macro   0x0000000000000000       0xd5 build/obj/Flash_Driver.o
 .debug_macro   0x0000000000000000       0x1c build/obj/Flash_Driver.o
 .debug_macro   0x0000000000000000       0x3d build/obj/Flash_Driver.o
 .debug_macro   0x0000000000000000       0x16 build/obj/Flash_Driver.o
 .debug_macro   0x0000000000000000      0x137 build/obj/Flash_Driver.o
 .debug_macro   0x0000000000000000       0x1c build/obj/Flash_Driver.o
 .debug_macro   0x0000000000000000      0x103 build/obj/Flash_Driver.o
 .debug_macro   0x0000000000000000      0x1df build/obj/Flash_Driver.o
 .debug_macro   0x0000000000000000       0x16 build/obj/Flash_Driver.o
 .debug_macro   0x0000000000000000       0x10 build/obj/Flash_Driver.o
 .group         0x0000000000000000        0xc build/obj/GPIO_Driver.o
 .group         0x0000000000000000        0xc build/obj/GPIO_Driver.o
 .group         0x0000000000000000        0xc build/obj/GPIO_Driver.o
 .group         0x0000000000000000        0xc build/obj/GPIO_Driver.o
 .group         0x0000000000000000        0xc build/obj/GPIO_Driver.o
 .group         0x0000000000000000        0xc build/obj/GPIO_Driver.o
 .group         0x0000000000000000        0xc build/obj/GPIO_Driver.o
 .group         0x0000000000000000        0xc build/obj/GPIO_Driver.o
 .group         0x0000000000000000        0xc build/obj/GPIO_Driver.o
 .group         0x0000000000000000        0xc build/obj/GPIO_Driver.o
 .group         0x0000000000000000        0xc build/obj/GPIO_Driver.o
 .group         0x0000000000000000        0xc build/obj/GPIO_Driver.o
 .group         0x0000000000000000        0xc build/obj/GPIO_Driver.o
 .group         0x0000000000000000        0xc build/obj/GPIO_Driver.o
 .group         0x0000000000000000        0xc build/obj/GPIO_Driver.o
 .group         0x0000000000000000        0xc build/obj/GPIO_Driver.o
 .group         0x0000000000000000        0xc build/obj/GPIO_Driver.o
 .group         0x0000000000000000        0xc build/obj/GPIO_Driver.o
 .group         0x0000000000000000        0xc build/obj/GPIO_Driver.o
 .group         0x0000000000000000        0xc build/obj/GPIO_Driver.o
 .group         0x0000000000000000        0xc build/obj/GPIO_Driver.o
 .group         0x0000000000000000        0xc build/obj/GPIO_Driver.o
 .group         0x0000000000000000        0xc build/obj/GPIO_Driver.o
 .group         0x0000000000000000        0xc build/obj/GPIO_Driver.o
 .group         0x0000000000000000        0xc build/obj/GPIO_Driver.o
 .group         0x0000000000000000        0xc build/obj/GPIO_Driver.o
 .group         0x0000000000000000        0xc build/obj/GPIO_Driver.o
 .group         0x0000000000000000        0xc build/obj/GPIO_Driver.o
 .debug_macro   0x0000000000000000      0xb32 build/obj/GPIO_Driver.o
 .debug_macro   0x0000000000000000       0x1c build/obj/GPIO_Driver.o
 .debug_macro   0x0000000000000000       0x22 build/obj/GPIO_Driver.o
 .debug_macro   0x0000000000000000       0x8e build/obj/GPIO_Driver.o
 .debug_macro   0x0000000000000000       0x51 build/obj/GPIO_Driver.o
 .debug_macro   0x0000000000000000      0x103 build/obj/GPIO_Driver.o
 .debug_macro   0x0000000000000000       0x6a build/obj/GPIO_Driver.o
 .debug_macro   0x0000000000000000      0x1df build/obj/GPIO_Driver.o
 .debug_macro   0x0000000000000000       0x16 build/obj/GPIO_Driver.o
 .debug_macro   0x0000000000000000      0x18a build/obj/GPIO_Driver.o
 .debug_macro   0x0000000000000000       0x10 build/obj/GPIO_Driver.o
 .debug_macro   0x0000000000000000      0x3d1 build/obj/GPIO_Driver.o
 .debug_macro   0x0000000000000000       0x64 build/obj/GPIO_Driver.o
 .debug_macro   0x0000000000000000       0x18 build/obj/GPIO_Driver.o
 .debug_macro   0x0000000000000000       0x35 build/obj/GPIO_Driver.o
 .debug_macro   0x0000000000000000       0x34 build/obj/GPIO_Driver.o
 .debug_macro   0x0000000000000000      0x17b build/obj/GPIO_Driver.o
 .debug_macro   0x0000000000000000       0x16 build/obj/GPIO_Driver.o
 .debug_macro   0x0000000000000000       0x43 build/obj/GPIO_Driver.o
 .debug_macro   0x0000000000000000       0x34 build/obj/GPIO_Driver.o
 .debug_macro   0x0000000000000000       0x10 build/obj/GPIO_Driver.o
 .debug_macro   0x0000000000000000       0x58 build/obj/GPIO_Driver.o
 .debug_macro   0x0000000000000000      0x182 build/obj/GPIO_Driver.o
 .debug_macro   0x0000000000000000      0x364 build/obj/GPIO_Driver.o
 .debug_macro   0x0000000000000000       0x10 build/obj/GPIO_Driver.o
 .debug_macro   0x0000000000000000       0x35 build/obj/GPIO_Driver.o
 .debug_macro   0x0000000000000000       0x8e build/obj/GPIO_Driver.o
 .debug_macro   0x0000000000000000       0x2e build/obj/GPIO_Driver.o
 .group         0x0000000000000000        0xc build/obj/NVIC_Drivers.o
 .group         0x0000000000000000        0xc build/obj/NVIC_Drivers.o
 .group         0x0000000000000000        0xc build/obj/NVIC_Drivers.o
 .group         0x0000000000000000        0xc build/obj/NVIC_Drivers.o
 .group         0x0000000000000000        0xc build/obj/NVIC_Drivers.o
 .group         0x0000000000000000        0xc build/obj/NVIC_Drivers.o
 .group         0x0000000000000000        0xc build/obj/NVIC_Drivers.o
 .group         0x0000000000000000        0xc build/obj/NVIC_Drivers.o
 .group         0x0000000000000000        0xc build/obj/NVIC_Drivers.o
 .debug_macro   0x0000000000000000      0xb32 build/obj/NVIC_Drivers.o
 .debug_macro   0x0000000000000000       0x1c build/obj/NVIC_Drivers.o
 .debug_macro   0x0000000000000000       0x22 build/obj/NVIC_Drivers.o
 .debug_macro   0x0000000000000000       0x8e build/obj/NVIC_Drivers.o
 .debug_macro   0x0000000000000000       0x51 build/obj/NVIC_Drivers.o
 .debug_macro   0x0000000000000000      0x103 build/obj/NVIC_Drivers.o
 .debug_macro   0x0000000000000000       0x6a build/obj/NVIC_Drivers.o
 .debug_macro   0x0000000000000000      0x1df build/obj/NVIC_Drivers.o
 .debug_macro   0x0000000000000000       0x16 build/obj/NVIC_Drivers.o
 .group         0x0000000000000000        0xc build/obj/SysTick.o
 .group         0x0000000000000000        0xc build/obj/SysTick.o
 .group         0x0000000000000000        0xc build/obj/SysTick.o
 .group         0x0000000000000000        0xc build/obj/SysTick.o
 .group         0x0000000000000000        0xc build/obj/SysTick.o
 .group         0x0000000000000000        0xc build/obj/SysTick.o
 .group         0x0000000000000000        0xc build/obj/SysTick.o
 .group         0x0000000000000000        0xc build/obj/SysTick.o
 .group         0x0000000000000000        0xc build/obj/SysTick.o
 .debug_macro   0x0000000000000000      0xb32 build/obj/SysTick.o
 .debug_macro   0x0000000000000000       0x1c build/obj/SysTick.o
 .debug_macro   0x0000000000000000       0x22 build/obj/SysTick.o
 .debug_macro   0x0000000000000000       0x8e build/obj/SysTick.o
 .debug_macro   0x0000000000000000       0x51 build/obj/SysTick.o
 .debug_macro   0x0000000000000000      0x103 build/obj/SysTick.o
 .debug_macro   0x0000000000000000       0x6a build/obj/SysTick.o
 .debug_macro   0x0000000000000000      0x1df build/obj/SysTick.o
 .debug_macro   0x0000000000000000       0x16 build/obj/SysTick.o
 .group         0x0000000000000000        0x8 build/obj/UART_Driver.o
 .group         0x0000000000000000        0x8 build/obj/UART_Driver.o
 .group         0x0000000000000000        0xc build/obj/UART_Driver.o
 .group         0x0000000000000000        0xc build/obj/UART_Driver.o
 .group         0x0000000000000000        0xc build/obj/UART_Driver.o
 .group         0x0000000000000000        0xc build/obj/UART_Driver.o
 .group         0x0000000000000000        0xc build/obj/UART_Driver.o
 .group         0x0000000000000000        0xc build/obj/UART_Driver.o
 .group         0x0000000000000000        0xc build/obj/UART_Driver.o
 .group         0x0000000000000000        0xc build/obj/UART_Driver.o
 .group         0x0000000000000000        0xc build/obj/UART_Driver.o
 .group         0x0000000000000000        0xc build/obj/UART_Driver.o
 .group         0x0000000000000000        0xc build/obj/UART_Driver.o
 .group         0x0000000000000000        0xc build/obj/UART_Driver.o
 .group         0x0000000000000000        0xc build/obj/UART_Driver.o
 .group         0x0000000000000000        0xc build/obj/UART_Driver.o
 .group         0x0000000000000000        0xc build/obj/UART_Driver.o
 .group         0x0000000000000000        0xc build/obj/UART_Driver.o
 .group         0x0000000000000000        0xc build/obj/UART_Driver.o
 .group         0x0000000000000000        0xc build/obj/UART_Driver.o
 .group         0x0000000000000000        0xc build/obj/UART_Driver.o
 .group         0x0000000000000000        0xc build/obj/UART_Driver.o
 .group         0x0000000000000000        0xc build/obj/UART_Driver.o
 .group         0x0000000000000000        0xc build/obj/UART_Driver.o
 .group         0x0000000000000000        0xc build/obj/UART_Driver.o
 .group         0x0000000000000000        0xc build/obj/UART_Driver.o
 .group         0x0000000000000000        0xc build/obj/UART_Driver.o
 .group         0x0000000000000000        0xc build/obj/UART_Driver.o
 .group         0x0000000000000000        0xc build/obj/UART_Driver.o
 .group         0x0000000000000000        0xc build/obj/UART_Driver.o
 .group         0x0000000000000000        0xc build/obj/UART_Driver.o
 .group         0x0000000000000000        0xc build/obj/UART_Driver.o
 .group         0x0000000000000000        0xc build/obj/UART_Driver.o
 .group         0x0000000000000000        0xc build/obj/UART_Driver.o
 .group         0x0000000000000000        0xc build/obj/UART_Driver.o
 .group         0x0000000000000000        0xc build/obj/UART_Driver.o
 .group         0x0000000000000000        0xc build/obj/UART_Driver.o
 .group         0x0000000000000000        0xc build/obj/UART_Driver.o
 .group         0x0000000000000000        0xc build/obj/UART_Driver.o
 .group         0x0000000000000000        0xc build/obj/UART_Driver.o
 .group         0x0000000000000000        0xc build/obj/UART_Driver.o
 .group         0x0000000000000000        0xc build/obj/UART_Driver.o
 .group         0x0000000000000000        0xc build/obj/UART_Driver.o
 .group         0x0000000000000000        0xc build/obj/UART_Driver.o
 .group         0x0000000000000000        0xc build/obj/UART_Driver.o
 .group         0x0000000000000000        0xc build/obj/UART_Driver.o
 .text._ZN4GPIOC2EPV16GPIO_registers_t10GPIO_pin_t
                0x0000000000000000       0x26 build/obj/UART_Driver.o
 .debug_macro   0x0000000000000000      0xb32 build/obj/UART_Driver.o
 .debug_macro   0x0000000000000000       0x22 build/obj/UART_Driver.o
 .debug_macro   0x0000000000000000       0x5e build/obj/UART_Driver.o
 .debug_macro   0x0000000000000000       0x18 build/obj/UART_Driver.o
 .debug_macro   0x0000000000000000       0x94 build/obj/UART_Driver.o
 .debug_macro   0x0000000000000000       0x35 build/obj/UART_Driver.o
 .debug_macro   0x0000000000000000       0x34 build/obj/UART_Driver.o
 .debug_macro   0x0000000000000000       0x16 build/obj/UART_Driver.o
 .debug_macro   0x0000000000000000       0x57 build/obj/UART_Driver.o
 .debug_macro   0x0000000000000000       0x97 build/obj/UART_Driver.o
 .debug_macro   0x0000000000000000      0x364 build/obj/UART_Driver.o
 .debug_macro   0x0000000000000000      0x104 build/obj/UART_Driver.o
 .debug_macro   0x0000000000000000       0x10 build/obj/UART_Driver.o
 .debug_macro   0x0000000000000000       0x16 build/obj/UART_Driver.o
 .debug_macro   0x0000000000000000       0x43 build/obj/UART_Driver.o
 .debug_macro   0x0000000000000000       0x34 build/obj/UART_Driver.o
 .debug_macro   0x0000000000000000       0x10 build/obj/UART_Driver.o
 .debug_macro   0x0000000000000000       0x58 build/obj/UART_Driver.o
 .debug_macro   0x0000000000000000      0x182 build/obj/UART_Driver.o
 .debug_macro   0x0000000000000000       0x10 build/obj/UART_Driver.o
 .debug_macro   0x0000000000000000       0x6a build/obj/UART_Driver.o
 .debug_macro   0x0000000000000000       0x1c build/obj/UART_Driver.o
 .debug_macro   0x0000000000000000       0x52 build/obj/UART_Driver.o
 .debug_macro   0x0000000000000000       0x22 build/obj/UART_Driver.o
 .debug_macro   0x0000000000000000       0x10 build/obj/UART_Driver.o
 .debug_macro   0x0000000000000000       0x52 build/obj/UART_Driver.o
 .debug_macro   0x0000000000000000       0xd5 build/obj/UART_Driver.o
 .debug_macro   0x0000000000000000       0x1c build/obj/UART_Driver.o
 .debug_macro   0x0000000000000000       0x3d build/obj/UART_Driver.o
 .debug_macro   0x0000000000000000       0x16 build/obj/UART_Driver.o
 .debug_macro   0x0000000000000000      0x137 build/obj/UART_Driver.o
 .debug_macro   0x0000000000000000       0x1c build/obj/UART_Driver.o
 .debug_macro   0x0000000000000000      0x103 build/obj/UART_Driver.o
 .debug_macro   0x0000000000000000      0x1df build/obj/UART_Driver.o
 .debug_macro   0x0000000000000000       0x16 build/obj/UART_Driver.o
 .debug_macro   0x0000000000000000       0x16 build/obj/UART_Driver.o
 .debug_macro   0x0000000000000000      0x18a build/obj/UART_Driver.o
 .debug_macro   0x0000000000000000       0x10 build/obj/UART_Driver.o
 .debug_macro   0x0000000000000000      0x3d1 build/obj/UART_Driver.o
 .debug_macro   0x0000000000000000       0x16 build/obj/UART_Driver.o
 .debug_macro   0x0000000000000000       0x35 build/obj/UART_Driver.o
 .debug_macro   0x0000000000000000       0x8e build/obj/UART_Driver.o
 .debug_macro   0x0000000000000000       0x2e build/obj/UART_Driver.o
 .debug_macro   0x0000000000000000       0x22 build/obj/UART_Driver.o

Memory Configuration

Name             Origin             Length             Attributes
FLASH            0x0000000008000000 0x0000000000040000 xr
SRAM             0x0000000020000000 0x0000000000008000 xrw
*default*        0x0000000000000000 0xffffffffffffffff

Linker script and memory map

LOAD build/obj/Commands.o
LOAD build/obj/ControlStructure.o
LOAD build/obj/main.o
LOAD build/obj/stm32_startup.o
LOAD build/obj/BootUtility.o
LOAD build/obj/MCU_Utilities.o
LOAD build/obj/m_memory.o
LOAD build/obj/Clock_Driver.o
LOAD build/obj/CRC_Driver.o
LOAD build/obj/Flash_Driver.o
LOAD build/obj/GPIO_Driver.o
LOAD build/obj/NVIC_Drivers.o
LOAD build/obj/SysTick.o
LOAD build/obj/UART_Driver.o
LOAD /opt/gcc-arm-none-eabi-10.3-2021.10/bin/../lib/gcc/arm-none-eabi/10.3.1/../../../../arm-none-eabi/lib/libstdc++_nano.a
LOAD /opt/gcc-arm-none-eabi-10.3-2021.10/bin/../lib/gcc/arm-none-eabi/10.3.1/../../../../arm-none-eabi/lib/libm.a
START GROUP
LOAD /opt/gcc-arm-none-eabi-10.3-2021.10/bin/../lib/gcc/arm-none-eabi/10.3.1/libgcc.a
LOAD /opt/gcc-arm-none-eabi-10.3-2021.10/bin/../lib/gcc/arm-none-eabi/10.3.1/../../../../arm-none-eabi/lib/libc_nano.a
END GROUP
START GROUP
LOAD /opt/gcc-arm-none-eabi-10.3-2021.10/bin/../lib/gcc/arm-none-eabi/10.3.1/libgcc.a
LOAD /opt/gcc-arm-none-eabi-10.3-2021.10/bin/../lib/gcc/arm-none-eabi/10.3.1/../../../../arm-none-eabi/lib/libc_nano.a
LOAD /opt/gcc-arm-none-eabi-10.3-2021.10/bin/../lib/gcc/arm-none-eabi/10.3.1/../../../../arm-none-eabi/lib/libnosys.a
END GROUP
START GROUP
LOAD /opt/gcc-arm-none-eabi-10.3-2021.10/bin/../lib/gcc/arm-none-eabi/10.3.1/libgcc.a
LOAD /opt/gcc-arm-none-eabi-10.3-2021.10/bin/../lib/gcc/arm-none-eabi/10.3.1/../../../../arm-none-eabi/lib/libc_nano.a
LOAD /opt/gcc-arm-none-eabi-10.3-2021.10/bin/../lib/gcc/arm-none-eabi/10.3.1/../../../../arm-none-eabi/lib/libnosys.a
END GROUP

.isr_vector     0x0000000008000000      0x194
                0x0000000008000000                . = ALIGN (0x4)
 *(.isr_vector)
 .isr_vector    0x0000000008000000      0x194 build/obj/stm32_startup.o
                0x0000000008000000                vector_table
                0x0000000008000194                . = ALIGN (0x4)

.text           0x0000000008000194     0x23dc
                0x0000000008000194                . = ALIGN (0x4)
 *(.text*)
 .text          0x0000000008000194      0x670 build/obj/Commands.o
                0x0000000008000194                BootGetVersion(unsigned char*, unsigned char, FrameType_t)
                0x0000000008000224                BootGetMCUID(unsigned char*, unsigned char, FrameType_t)
                0x00000000080002f4                BootFlashErase(unsigned char*, unsigned char, FrameType_t)
                0x00000000080003ec                BootFlashWrite(unsigned char*, unsigned char, FrameType_t)
                0x0000000008000558                BootFlashVerify(unsigned char*, unsigned char, FrameType_t)
                0x0000000008000574                BootReadFlashProtStatus(unsigned char*, unsigned char, FrameType_t)
                0x00000000080005d0                BootGetRWProt(unsigned char*, unsigned char, FrameType_t)
                0x000000000800068c                BootSetRWProt(unsigned char*, unsigned char, FrameType_t)
                0x0000000008000740                BootJumpToApplication(unsigned char*, unsigned char, FrameType_t)
 .text          0x0000000008000804      0x22c build/obj/ControlStructure.o
                0x0000000008000804                BootControl()
 .text          0x0000000008000a30      0x180 build/obj/main.o
                0x0000000008000af4                FLASH_INIT()
                0x0000000008000b00                main
 .text._ZN4GPIOC2EPV16GPIO_registers_t10GPIO_pin_t
                0x0000000008000bb0       0x26 build/obj/main.o
                0x0000000008000bb0                GPIO::GPIO(GPIO_registers_t volatile*, GPIO_pin_t)
                0x0000000008000bb0                GPIO::GPIO(GPIO_registers_t volatile*, GPIO_pin_t)
 *fill*         0x0000000008000bd6        0x2 
 .text          0x0000000008000bd8       0xf4 build/obj/stm32_startup.o
                0x0000000008000cb4                Reset_Handler()
 .text          0x0000000008000ccc       0x34 build/obj/BootUtility.o
                0x0000000008000ccc                JumpToUserApp()
 .text._Z7SetVTORm
                0x0000000008000d00       0x1c build/obj/BootUtility.o
                0x0000000008000d00                SetVTOR(unsigned long)
 .text._Z15SetStackPointerm
                0x0000000008000d1c       0x16 build/obj/BootUtility.o
                0x0000000008000d1c                SetStackPointer(unsigned long)
 .text          0x0000000008000d32        0x0 build/obj/MCU_Utilities.o
 .text          0x0000000008000d32       0x3a build/obj/m_memory.o
                0x0000000008000d32                m_memcpy(void*, void const*, unsigned long)
 .text          0x0000000008000d6c       0xe0 build/obj/Clock_Driver.o
                0x0000000008000d6c                Clock::EnableClock_USART2()
                0x0000000008000d88                Clock::EnableClock_GPIOA()
                0x0000000008000da4                Clock::EnableClock_GPIOB()
                0x0000000008000dc0                Clock::EnableClock_GPIOC()
                0x0000000008000ddc                Clock::EnableClock_GPIOD()
                0x0000000008000df8                Clock::EnableClock_GPIOE()
                0x0000000008000e14                Clock::EnableClock_GPIOH()
                0x0000000008000e30                Clock::EnableClock_CRC()
 .text          0x0000000008000e4c      0x124 build/obj/CRC_Driver.o
                0x0000000008000e4c                CRC::CRC_Init()
                0x0000000008000e68                CRC::CRC_Reset()
                0x0000000008000e84                CRC::CRC_Read(unsigned long&)
                0x0000000008000ea4                CRC::CRC_ComputeWithAccumulate(unsigned char const*, unsigned char, unsigned long&)
                0x0000000008000f08                CRC::CRC_Compute(unsigned char const*, unsigned char, unsigned long&)
 .text          0x0000000008000f70      0x7ec build/obj/Flash_Driver.o
                0x0000000008000f70                FLASH::GetOPStatus()
                0x0000000008000f94                FLASH::UnlockControlRegister()
                0x0000000008000fdc                FLASH::LockControlRegister()
                0x000000000800101c                FLASH::UnlockOptionControlRegister()
                0x0000000008001064                FLASH::LockOptionControlRegister()
                0x00000000080010a4                FLASH::MassErase()
                0x0000000008001130                FLASH::SectorErase(unsigned char const&)
                0x000000000800120c                FLASH::WriteFlash(void const*, void*, unsigned long)
                0x0000000008001428                FLASH::ReadProtOptionBytes(unsigned char&)
                0x000000000800144c                FLASH::GetSectorRWProtection(unsigned char const&, Flash_ProtLevel_t&)
                0x00000000080014e8                FLASH::SetSectorRWProtection(unsigned char const&)
                0x00000000080015f0                FLASH::Config(Flash_option_t, Flash_latency_t, Flash_parallel_t)
                0x000000000800162c                FLASH::Init()
                0x0000000008001670                FLASH::SetFlashProtectionMode(Flash_ProtMode_t const&)
                0x0000000008001710                FLASH::GetFlashProtectionMode(Flash_ProtMode_t&)
 .text          0x000000000800175c      0x230 build/obj/GPIO_Driver.o
                0x000000000800175c                GPIO::Config(GPIO_port_mode_t, GPIO_port_output_config_t, GPIO_port_speed_t, GPIO_port_pull_t, GPIO_port_alternatefunction_t)
                0x000000000800179e                GPIO::Init()
                0x0000000008001900                GPIO::GPIO_ReadPin() const
                0x0000000008001938                GPIO::GPIO_WritePin(PIN_State_t)
 .text          0x000000000800198c      0x21c build/obj/NVIC_Drivers.o
                0x000000000800198c                NVIC::NVIC_EnableInterrupt(unsigned char)
                0x00000000080019cc                NVIC::NVIC_DisableInterrupt(unsigned char)
                0x0000000008001a10                NVIC::NVIC_SetInterruptPending(unsigned char)
                0x0000000008001a54                NVIC::NVIC_ClearInterruptPending(unsigned char)
                0x0000000008001a98                NVIC::NVIC_GetInterruptPendingStatus(unsigned char)
                0x0000000008001ad8                NVIC::NVIC_SetInterruptPriority(unsigned char, unsigned char)
                0x0000000008001b20                NVIC::NVIC_GetInterruptPriority(unsigned char)
                0x0000000008001b5c                EnableAllInterrupts()
                0x0000000008001b72                DisableAllInterrupts()
                0x0000000008001b88                SetBasePriority(unsigned long)
 .text          0x0000000008001ba8       0xf8 build/obj/SysTick.o
                0x0000000008001ba8                Systick_Interrupt()
                0x0000000008001bc4                SysTick::Enable()
                0x0000000008001be0                SysTick::Disable()
                0x0000000008001bfc                SysTick::SetReloadValue(unsigned long)
                0x0000000008001c1c                SysTick::SetTickSrc(SYSTICK_ClockSrc)
                0x0000000008001c54                SysTick::EnableInt()
                0x0000000008001c70                SysTick::DisableInt()
                0x0000000008001c8c                SysTick::GetGlobalTime()
 .text          0x0000000008001ca0      0x874 build/obj/UART_Driver.o
                0x0000000008001ca0                USART::Config(USART_word_length_t, USART_parity_t, unsigned long, USART_num_stop_bits_t, bool, void (*)())
                0x0000000008001cf8                USART::ConfigBaudRate(unsigned long)
                0x0000000008001e08                USART::Init()
                0x0000000008001f70                USART::Transmit(char const*, unsigned long, unsigned long)
                0x00000000080020a6                USART::Read(unsigned char*, unsigned long, unsigned long)
                0x0000000008002168                USART::TransmitIT(char const*, unsigned long, unsigned long)
                0x0000000008002284                USART::ReadIT(unsigned char*, unsigned long, unsigned long)
                0x0000000008002370                USART2_Interrupt()
 .text._ZN5USARTC2EPV17USART_Registers_t
                0x0000000008002514       0x4e build/obj/UART_Driver.o
                0x0000000008002514                USART::USART(USART_Registers_t volatile*)
                0x0000000008002514                USART::USART(USART_Registers_t volatile*)
 .text          0x0000000008002562        0xe /opt/gcc-arm-none-eabi-10.3-2021.10/bin/../lib/gcc/arm-none-eabi/10.3.1/../../../../arm-none-eabi/lib/libc_nano.a(lib_a-strlen.o)
                0x0000000008002562                strlen
                0x0000000008002570                . = ALIGN (0x4)
                0x0000000008002570                _text_end = .

.glue_7         0x0000000008002570        0x0
 .glue_7        0x0000000008002570        0x0 linker stubs

.glue_7t        0x0000000008002570        0x0
 .glue_7t       0x0000000008002570        0x0 linker stubs

.vfp11_veneer   0x0000000008002570        0x0
 .vfp11_veneer  0x0000000008002570        0x0 linker stubs

.v4_bx          0x0000000008002570        0x0
 .v4_bx         0x0000000008002570        0x0 linker stubs

.iplt           0x0000000008002570        0x0
 .iplt          0x0000000008002570        0x0 build/obj/Commands.o

.rel.dyn        0x0000000008002570        0x0
 .rel.iplt      0x0000000008002570        0x0 build/obj/Commands.o

.data           0x0000000020000000       0x70 load address 0x0000000008002570
                0x0000000020000000                . = ALIGN (0x4)
                0x0000000020000000                _data_start = .
 *(.data*)
 .data          0x0000000020000000       0x50 build/obj/Commands.o
                0x0000000020000004                serviceTable
 .data          0x0000000020000050        0x0 build/obj/ControlStructure.o
 .data          0x0000000020000050        0x0 build/obj/main.o
 .data          0x0000000020000050        0x0 build/obj/stm32_startup.o
 .data          0x0000000020000050        0x0 build/obj/BootUtility.o
 .data          0x0000000020000050        0x0 build/obj/MCU_Utilities.o
 .data          0x0000000020000050        0x0 build/obj/m_memory.o
 .data          0x0000000020000050        0x0 build/obj/Clock_Driver.o
 .data          0x0000000020000050        0x1 build/obj/CRC_Driver.o
                0x0000000020000050                CRC::currentState
 .data          0x0000000020000051        0x1 build/obj/Flash_Driver.o
                0x0000000020000051                FLASH::currentState
 .data          0x0000000020000052        0x0 build/obj/GPIO_Driver.o
 *fill*         0x0000000020000052        0x2 
 .data          0x0000000020000054       0x1c build/obj/NVIC_Drivers.o
                0x0000000020000054                NVIC::registers
 .data          0x0000000020000070        0x0 build/obj/SysTick.o
 .data          0x0000000020000070        0x0 build/obj/UART_Driver.o
 .data          0x0000000020000070        0x0 /opt/gcc-arm-none-eabi-10.3-2021.10/bin/../lib/gcc/arm-none-eabi/10.3.1/../../../../arm-none-eabi/lib/libc_nano.a(lib_a-strlen.o)
                0x0000000020000070                _data_end = .
                0x0000000020000070                . = ALIGN (0x4)

.igot.plt       0x0000000020000070        0x0 load address 0x00000000080025e0
 .igot.plt      0x0000000020000070        0x0 build/obj/Commands.o

.rodata         0x00000000080025e0      0x758
                0x00000000080025e0                . = ALIGN (0x4)
 *(.rodata*)
 .rodata        0x00000000080025e0      0x100 build/obj/Commands.o
                0x00000000080026df                NUMBER_OF_COMMANDS
 .rodata        0x00000000080026e0       0xa3 build/obj/ControlStructure.o
 *fill*         0x0000000008002783        0x1 
 .rodata        0x0000000008002784      0x12a build/obj/main.o
 *fill*         0x00000000080028ae        0x2 
 .rodata        0x00000000080028b0       0xdc build/obj/BootUtility.o
 .rodata        0x000000000800298c       0x9c build/obj/MCU_Utilities.o
 .rodata        0x0000000008002a28       0x64 build/obj/Clock_Driver.o
                0x0000000008002a88                Clock::registers
 .rodata        0x0000000008002a8c       0x68 build/obj/CRC_Driver.o
                0x0000000008002af0                CRC::registers
 .rodata        0x0000000008002af4       0x78 build/obj/Flash_Driver.o
                0x0000000008002b68                FLASH::registers
 .rodata        0x0000000008002b6c       0x60 build/obj/GPIO_Driver.o
 .rodata        0x0000000008002bcc       0x3a build/obj/NVIC_Drivers.o
 *fill*         0x0000000008002c06        0x2 
 .rodata        0x0000000008002c08       0x38 build/obj/SysTick.o
                0x0000000008002c3c                SysTick::registers
 .rodata        0x0000000008002c40       0xf4 build/obj/UART_Driver.o
                0x0000000008002d34                . = ALIGN (0x4)
                0x0000000008002d34                _init_array_start = .
 *(SORT_BY_NAME(.init_array.*))
 *(.init_array)
 .init_array    0x0000000008002d34        0x4 build/obj/UART_Driver.o
                0x0000000008002d38                _init_array_end = .
                0x0000000008002d38                . = ALIGN (0x4)

.bss            0x0000000020000070      0x364
                0x0000000020000070                . = ALIGN (0x4)
                0x0000000020000070                _bss_start = .
 *(.bss*)
 .bss           0x0000000020000070        0x2 build/obj/Commands.o
 .bss           0x0000000020000072        0x0 build/obj/ControlStructure.o
 .bss           0x0000000020000072        0x0 build/obj/main.o
 *fill*         0x0000000020000072        0x2 
 .bss           0x0000000020000074        0x4 build/obj/stm32_startup.o
                0x0000000020000074                bss_size
 .bss           0x0000000020000078        0x0 build/obj/BootUtility.o
 .bss           0x0000000020000078        0x0 build/obj/MCU_Utilities.o
 .bss           0x0000000020000078        0x0 build/obj/m_memory.o
 .bss           0x0000000020000078        0x0 build/obj/Clock_Driver.o
 .bss           0x0000000020000078        0x0 build/obj/CRC_Driver.o
 .bss           0x0000000020000078        0x3 build/obj/Flash_Driver.o
                0x0000000020000078                FLASH::prefetch
                0x0000000020000079                FLASH::latency
                0x000000002000007a                FLASH::paralellism
 .bss           0x000000002000007b        0x0 build/obj/GPIO_Driver.o
 .bss           0x000000002000007b        0x0 build/obj/NVIC_Drivers.o
 *fill*         0x000000002000007b        0x1 
 .bss           0x000000002000007c        0x4 build/obj/SysTick.o
                0x000000002000007c                SysTick::globalTime
 .bss           0x0000000020000080      0x354 build/obj/UART_Driver.o
                0x0000000020000080                USART2
                0x0000000020000094                USART1
                0x00000000200000a8                USART6
                0x00000000200000bc                USART::USART1_MessageStr
                0x00000000200001c4                USART::USART2_MessageStr
                0x00000000200002cc                USART::USART6_MessageStr
 .bss           0x00000000200003d4        0x0 /opt/gcc-arm-none-eabi-10.3-2021.10/bin/../lib/gcc/arm-none-eabi/10.3.1/../../../../arm-none-eabi/lib/libc_nano.a(lib_a-strlen.o)
                0x00000000200003d4                _bss_end = .
                0x00000000200003d4                end = _bss_end
                0x00000000200003d4                . = ALIGN (0x4)
OUTPUT(build/bin/bootloader.elf elf32-littlearm)
LOAD linker stubs

.debug_info     0x0000000000000000     0x8e44
 .debug_info    0x0000000000000000     0x1575 build/obj/Commands.o
 .debug_info    0x0000000000001575      0xe53 build/obj/ControlStructure.o
 .debug_info    0x00000000000023c8     0x17a0 build/obj/main.o
 .debug_info    0x0000000000003b68      0x212 build/obj/stm32_startup.o
 .debug_info    0x0000000000003d7a      0x4af build/obj/BootUtility.o
 .debug_info    0x0000000000004229      0x360 build/obj/MCU_Utilities.o
 .debug_info    0x0000000000004589      0x108 build/obj/m_memory.o
 .debug_info    0x0000000000004691      0x656 build/obj/Clock_Driver.o
 .debug_info    0x0000000000004ce7      0x7dc build/obj/CRC_Driver.o
 .debug_info    0x00000000000054c3      0xcc7 build/obj/Flash_Driver.o
 .debug_info    0x000000000000618a      0xab1 build/obj/GPIO_Driver.o
 .debug_info    0x0000000000006c3b      0x4f2 build/obj/NVIC_Drivers.o
 .debug_info    0x000000000000712d      0x3d6 build/obj/SysTick.o
 .debug_info    0x0000000000007503     0x1941 build/obj/UART_Driver.o

.debug_abbrev   0x0000000000000000     0x1dee
 .debug_abbrev  0x0000000000000000      0x3a3 build/obj/Commands.o
 .debug_abbrev  0x00000000000003a3      0x30b build/obj/ControlStructure.o
 .debug_abbrev  0x00000000000006ae      0x417 build/obj/main.o
 .debug_abbrev  0x0000000000000ac5      0x112 build/obj/stm32_startup.o
 .debug_abbrev  0x0000000000000bd7       0xd7 build/obj/BootUtility.o
 .debug_abbrev  0x0000000000000cae       0x50 build/obj/MCU_Utilities.o
 .debug_abbrev  0x0000000000000cfe       0xa9 build/obj/m_memory.o
 .debug_abbrev  0x0000000000000da7      0x14d build/obj/Clock_Driver.o
 .debug_abbrev  0x0000000000000ef4      0x26d build/obj/CRC_Driver.o
 .debug_abbrev  0x0000000000001161      0x29a build/obj/Flash_Driver.o
 .debug_abbrev  0x00000000000013fb      0x25a build/obj/GPIO_Driver.o
 .debug_abbrev  0x0000000000001655      0x1b2 build/obj/NVIC_Drivers.o
 .debug_abbrev  0x0000000000001807      0x1b0 build/obj/SysTick.o
 .debug_abbrev  0x00000000000019b7      0x437 build/obj/UART_Driver.o

.debug_aranges  0x0000000000000000      0x1e0
 .debug_aranges
                0x0000000000000000       0x20 build/obj/Commands.o
 .debug_aranges
                0x0000000000000020       0x20 build/obj/ControlStructure.o
 .debug_aranges
                0x0000000000000040       0x28 build/obj/main.o
 .debug_aranges
                0x0000000000000068       0x20 build/obj/stm32_startup.o
 .debug_aranges
                0x0000000000000088       0x30 build/obj/BootUtility.o
 .debug_aranges
                0x00000000000000b8       0x18 build/obj/MCU_Utilities.o
 .debug_aranges
                0x00000000000000d0       0x20 build/obj/m_memory.o
 .debug_aranges
                0x00000000000000f0       0x20 build/obj/Clock_Driver.o
 .debug_aranges
                0x0000000000000110       0x20 build/obj/CRC_Driver.o
 .debug_aranges
                0x0000000000000130       0x20 build/obj/Flash_Driver.o
 .debug_aranges
                0x0000000000000150       0x20 build/obj/GPIO_Driver.o
 .debug_aranges
                0x0000000000000170       0x20 build/obj/NVIC_Drivers.o
 .debug_aranges
                0x0000000000000190       0x20 build/obj/SysTick.o
 .debug_aranges
                0x00000000000001b0       0x30 build/obj/UART_Driver.o

.debug_macro    0x0000000000000000     0x35cb
 .debug_macro   0x0000000000000000      0x26a build/obj/Commands.o
 .debug_macro   0x000000000000026a      0xb32 build/obj/Commands.o
 .debug_macro   0x0000000000000d9c      0x18a build/obj/Commands.o
 .debug_macro   0x0000000000000f26       0x10 build/obj/Commands.o
 .debug_macro   0x0000000000000f36      0x3d1 build/obj/Commands.o
 .debug_macro   0x0000000000001307       0x22 build/obj/Commands.o
 .debug_macro   0x0000000000001329       0x5e build/obj/Commands.o
 .debug_macro   0x0000000000001387       0x18 build/obj/Commands.o
 .debug_macro   0x000000000000139f       0x94 build/obj/Commands.o
 .debug_macro   0x0000000000001433       0x35 build/obj/Commands.o
 .debug_macro   0x0000000000001468       0x34 build/obj/Commands.o
 .debug_macro   0x000000000000149c      0x17b build/obj/Commands.o
 .debug_macro   0x0000000000001617       0x16 build/obj/Commands.o
 .debug_macro   0x000000000000162d       0x43 build/obj/Commands.o
 .debug_macro   0x0000000000001670       0x57 build/obj/Commands.o
 .debug_macro   0x00000000000016c7       0x34 build/obj/Commands.o
 .debug_macro   0x00000000000016fb       0x10 build/obj/Commands.o
 .debug_macro   0x000000000000170b       0x58 build/obj/Commands.o
 .debug_macro   0x0000000000001763      0x182 build/obj/Commands.o
 .debug_macro   0x00000000000018e5      0x364 build/obj/Commands.o
 .debug_macro   0x0000000000001c49       0x10 build/obj/Commands.o
 .debug_macro   0x0000000000001c59       0x35 build/obj/Commands.o
 .debug_macro   0x0000000000001c8e       0x8e build/obj/Commands.o
 .debug_macro   0x0000000000001d1c       0x1c build/obj/Commands.o
 .debug_macro   0x0000000000001d38      0x103 build/obj/Commands.o
 .debug_macro   0x0000000000001e3b       0x6a build/obj/Commands.o
 .debug_macro   0x0000000000001ea5      0x1df build/obj/Commands.o
 .debug_macro   0x0000000000002084       0x16 build/obj/Commands.o
 .debug_macro   0x000000000000209a       0x6a build/obj/Commands.o
 .debug_macro   0x0000000000002104       0x16 build/obj/Commands.o
 .debug_macro   0x000000000000211a       0x2e build/obj/Commands.o
 .debug_macro   0x0000000000002148       0x22 build/obj/Commands.o
 .debug_macro   0x000000000000216a       0x1c build/obj/Commands.o
 .debug_macro   0x0000000000002186       0x10 build/obj/Commands.o
 .debug_macro   0x0000000000002196       0x10 build/obj/Commands.o
 .debug_macro   0x00000000000021a6       0x1c build/obj/Commands.o
 .debug_macro   0x00000000000021c2       0x52 build/obj/Commands.o
 .debug_macro   0x0000000000002214       0x22 build/obj/Commands.o
 .debug_macro   0x0000000000002236       0x10 build/obj/Commands.o
 .debug_macro   0x0000000000002246       0x52 build/obj/Commands.o
 .debug_macro   0x0000000000002298       0xd5 build/obj/Commands.o
 .debug_macro   0x000000000000236d       0x1c build/obj/Commands.o
 .debug_macro   0x0000000000002389       0x3d build/obj/Commands.o
 .debug_macro   0x00000000000023c6       0x16 build/obj/Commands.o
 .debug_macro   0x00000000000023dc      0x137 build/obj/Commands.o
 .debug_macro   0x0000000000002513       0x10 build/obj/Commands.o
 .debug_macro   0x0000000000002523      0x1a6 build/obj/ControlStructure.o
 .debug_macro   0x00000000000026c9       0x8e build/obj/ControlStructure.o
 .debug_macro   0x0000000000002757       0x51 build/obj/ControlStructure.o
 .debug_macro   0x00000000000027a8       0x64 build/obj/ControlStructure.o
 .debug_macro   0x000000000000280c      0x26e build/obj/main.o
 .debug_macro   0x0000000000002a7a       0x16 build/obj/main.o
 .debug_macro   0x0000000000002a90       0x97 build/obj/main.o
 .debug_macro   0x0000000000002b27      0x104 build/obj/main.o
 .debug_macro   0x0000000000002c2b       0x16 build/obj/main.o
 .debug_macro   0x0000000000002c41       0x16 build/obj/main.o
 .debug_macro   0x0000000000002c57       0x84 build/obj/stm32_startup.o
 .debug_macro   0x0000000000002cdb       0x8b build/obj/BootUtility.o
 .debug_macro   0x0000000000002d66       0x87 build/obj/MCU_Utilities.o
 .debug_macro   0x0000000000002ded       0x75 build/obj/m_memory.o
 .debug_macro   0x0000000000002e62       0x70 build/obj/Clock_Driver.o
 .debug_macro   0x0000000000002ed2       0x7d build/obj/CRC_Driver.o
 .debug_macro   0x0000000000002f4f      0x1cd build/obj/Flash_Driver.o
 .debug_macro   0x000000000000311c      0x16d build/obj/GPIO_Driver.o
 .debug_macro   0x0000000000003289       0x79 build/obj/NVIC_Drivers.o
 .debug_macro   0x0000000000003302       0x75 build/obj/SysTick.o
 .debug_macro   0x0000000000003377      0x254 build/obj/UART_Driver.o

.debug_line     0x0000000000000000     0x3eca
 .debug_line    0x0000000000000000      0x853 build/obj/Commands.o
 .debug_line    0x0000000000000853      0x526 build/obj/ControlStructure.o
 .debug_line    0x0000000000000d79      0x5c5 build/obj/main.o
 .debug_line    0x000000000000133e      0x274 build/obj/stm32_startup.o
 .debug_line    0x00000000000015b2      0x28b build/obj/BootUtility.o
 .debug_line    0x000000000000183d      0x224 build/obj/MCU_Utilities.o
 .debug_line    0x0000000000001a61      0x211 build/obj/m_memory.o
 .debug_line    0x0000000000001c72      0x270 build/obj/Clock_Driver.o
 .debug_line    0x0000000000001ee2      0x2e2 build/obj/CRC_Driver.o
 .debug_line    0x00000000000021c4      0x877 build/obj/Flash_Driver.o
 .debug_line    0x0000000000002a3b      0x553 build/obj/GPIO_Driver.o
 .debug_line    0x0000000000002f8e      0x2d8 build/obj/NVIC_Drivers.o
 .debug_line    0x0000000000003266      0x266 build/obj/SysTick.o
 .debug_line    0x00000000000034cc      0x9fe build/obj/UART_Driver.o

.debug_str      0x0000000000000000     0xbcad
 .debug_str     0x0000000000000000     0xa793 build/obj/Commands.o
                                       0xac4e (size before relaxing)
 .debug_str     0x000000000000a793      0x1e4 build/obj/ControlStructure.o
                                       0x93f3 (size before relaxing)
 .debug_str     0x000000000000a977      0x6fe build/obj/main.o
                                       0xaf29 (size before relaxing)
 .debug_str     0x000000000000b075      0x129 build/obj/stm32_startup.o
                                       0x40f8 (size before relaxing)
 .debug_str     0x000000000000b19e       0x90 build/obj/BootUtility.o
                                       0x44c3 (size before relaxing)
 .debug_str     0x000000000000b22e       0x1e build/obj/MCU_Utilities.o
                                       0x43d4 (size before relaxing)
 .debug_str     0x000000000000b24c       0x39 build/obj/m_memory.o
                                       0x4045 (size before relaxing)
 .debug_str     0x000000000000b285      0x3db build/obj/Clock_Driver.o
                                       0x456d (size before relaxing)
 .debug_str     0x000000000000b660       0x45 build/obj/CRC_Driver.o
                                       0x4697 (size before relaxing)
 .debug_str     0x000000000000b6a5      0x1a0 build/obj/Flash_Driver.o
                                       0x8690 (size before relaxing)
 .debug_str     0x000000000000b845       0x1c build/obj/GPIO_Driver.o
                                       0x8d48 (size before relaxing)
 .debug_str     0x000000000000b861       0xb2 build/obj/NVIC_Drivers.o
                                       0x447b (size before relaxing)
 .debug_str     0x000000000000b913       0xb2 build/obj/SysTick.o
                                       0x4437 (size before relaxing)
 .debug_str     0x000000000000b9c5      0x2e8 build/obj/UART_Driver.o
                                       0xabf8 (size before relaxing)

.comment        0x0000000000000000       0x49
 .comment       0x0000000000000000       0x49 build/obj/Commands.o
                                         0x4a (size before relaxing)
 .comment       0x0000000000000049       0x4a build/obj/ControlStructure.o
 .comment       0x0000000000000049       0x4a build/obj/main.o
 .comment       0x0000000000000049       0x4a build/obj/stm32_startup.o
 .comment       0x0000000000000049       0x4a build/obj/BootUtility.o
 .comment       0x0000000000000049       0x4a build/obj/MCU_Utilities.o
 .comment       0x0000000000000049       0x4a build/obj/m_memory.o
 .comment       0x0000000000000049       0x4a build/obj/Clock_Driver.o
 .comment       0x0000000000000049       0x4a build/obj/CRC_Driver.o
 .comment       0x0000000000000049       0x4a build/obj/Flash_Driver.o
 .comment       0x0000000000000049       0x4a build/obj/GPIO_Driver.o
 .comment       0x0000000000000049       0x4a build/obj/NVIC_Drivers.o
 .comment       0x0000000000000049       0x4a build/obj/SysTick.o
 .comment       0x0000000000000049       0x4a build/obj/UART_Driver.o

.ARM.attributes
                0x0000000000000000       0x2c
 .ARM.attributes
                0x0000000000000000       0x2e build/obj/Commands.o
 .ARM.attributes
                0x000000000000002e       0x2e build/obj/ControlStructure.o
 .ARM.attributes
                0x000000000000005c       0x2e build/obj/main.o
 .ARM.attributes
                0x000000000000008a       0x2e build/obj/stm32_startup.o
 .ARM.attributes
                0x00000000000000b8       0x2e build/obj/BootUtility.o
 .ARM.attributes
                0x00000000000000e6       0x2e build/obj/MCU_Utilities.o
 .ARM.attributes
                0x0000000000000114       0x2e build/obj/m_memory.o
 .ARM.attributes
                0x0000000000000142       0x2e build/obj/Clock_Driver.o
 .ARM.attributes
                0x0000000000000170       0x2e build/obj/CRC_Driver.o
 .ARM.attributes
                0x000000000000019e       0x2e build/obj/Flash_Driver.o
 .ARM.attributes
                0x00000000000001cc       0x2e build/obj/GPIO_Driver.o
 .ARM.attributes
                0x00000000000001fa       0x2e build/obj/NVIC_Drivers.o
 .ARM.attributes
                0x0000000000000228       0x2e build/obj/SysTick.o
 .ARM.attributes
                0x0000000000000256       0x2e build/obj/UART_Driver.o
 .ARM.attributes
                0x0000000000000284       0x1c /opt/gcc-arm-none-eabi-10.3-2021.10/bin/../lib/gcc/arm-none-eabi/10.3.1/../../../../arm-none-eabi/lib/libc_nano.a(lib_a-strlen.o)

.debug_frame    0x0000000000000000      0xdf4
 .debug_frame   0x0000000000000000      0x180 build/obj/Commands.o
 .debug_frame   0x0000000000000180       0xc8 build/obj/ControlStructure.o
 .debug_frame   0x0000000000000248      0x134 build/obj/main.o
 .debug_frame   0x000000000000037c       0x98 build/obj/stm32_startup.o
 .debug_frame   0x0000000000000414       0x84 build/obj/BootUtility.o
 .debug_frame   0x0000000000000498       0x38 build/obj/m_memory.o
 .debug_frame   0x00000000000004d0      0x110 build/obj/Clock_Driver.o
 .debug_frame   0x00000000000005e0       0xc0 build/obj/CRC_Driver.o
 .debug_frame   0x00000000000006a0      0x234 build/obj/Flash_Driver.o
 .debug_frame   0x00000000000008d4       0xac build/obj/GPIO_Driver.o
 .debug_frame   0x0000000000000980      0x190 build/obj/NVIC_Drivers.o
 .debug_frame   0x0000000000000b10      0x120 build/obj/SysTick.o
 .debug_frame   0x0000000000000c30      0x1c4 build/obj/UART_Driver.o

.debug_ranges   0x0000000000000000       0x58
 .debug_ranges  0x0000000000000000       0x18 build/obj/main.o
 .debug_ranges  0x0000000000000018       0x20 build/obj/BootUtility.o
 .debug_ranges  0x0000000000000038       0x20 build/obj/UART_Driver.o
